// Jest Snapshot v1, https://goo.gl/fbAQLP

exports[`CBReviewModal renders the modal correctly 1`] = `
"<div class=\\"modal fade in\\" id=\\"CBReviewModal\\" tabindex=\\"-1\\" role=\\"dialog\\" aria-labelledby=\\"CBReviewModalLabel\\" data-backdrop=\\"static\\"><div class=\\"modal-dialog\\" role=\\"document\\"><form class=\\"modal-content\\"><div class=\\"modal-header\\"><button type=\\"button\\" class=\\"close\\" data-dismiss=\\"modal\\" aria-label=\\"Close\\"><span aria-hidden=\\"true\\">×</span></button><h4 class=\\"modal-title\\" id=\\"CBReviewModalLabel\\" style=\\"text-align: center;\\"><img src=\\"/static/img/critiquebrainz-logo.svg\\" height=\\"30\\" class=\\"cb-img-responsive\\" alt=\\"CritiqueBrainz Logo\\" style=\\"margin: 8px;\\"></h4></div><div style=\\"height: 0px; position: sticky; top: 30%; z-index: 1;\\"></div><div class=\\"modal-body\\" style=\\"opacity: 1;\\"><div><div id=\\"dropdown-container\\">You are reviewing<span class=\\"dropdown\\"><button class=\\"dropdown-toggle btn-transparent\\" data-toggle=\\"dropdown\\" type=\\"button\\">Criminal (recording)<span class=\\"caret\\"></span></button><ul class=\\"dropdown-menu\\" role=\\"menu\\"><button name=\\"select-recording\\" type=\\"button\\">Criminal (recording)</button><button name=\\"select-recording\\" type=\\"button\\">Britney Spears (artist)</button></ul></span>for <a href=\\"https://critiquebrainz.org\\">CritiqueBrainz</a>. <span><span class=\\"CBInfoButton\\" data-tip=\\"CritiqueBrainz is a <a href='https://metabrainz.org/projects'>
          MetaBrainz project</a> aimed at providing an open platform for music critics
          and hosting Creative Commons licensed music reviews. </br></br>
          Your reviews will be independently visible on CritiqueBrainz and appear publicly
          on your CritiqueBrainz profile. To view or delete your reviews, visit your
          <a href='https://critiquebrainz.org'>CritiqueBrainz</a>  profile.\\" data-event=\\"click focus\\"><svg aria-hidden=\\"true\\" focusable=\\"false\\" data-prefix=\\"fas\\" data-icon=\\"circle-info\\" class=\\"svg-inline--fa fa-circle-info \\" role=\\"img\\" xmlns=\\"http://www.w3.org/2000/svg\\" viewBox=\\"0 0 512 512\\" style=\\"color: black;\\"><path fill=\\"currentColor\\" d=\\"M256 512A256 256 0 1 0 256 0a256 256 0 1 0 0 512zM216 336h24V272H216c-13.3 0-24-10.7-24-24s10.7-24 24-24h48c13.3 0 24 10.7 24 24v88h8c13.3 0 24 10.7 24 24s-10.7 24-24 24H216c-13.3 0-24-10.7-24-24s10.7-24 24-24zm40-208a32 32 0 1 1 0 64 32 32 0 1 1 0-64z\\"></path></svg></span>This is a mocked react-tooltip component.</span></div><div class=\\"form-group\\"><textarea class=\\"form-control\\" id=\\"review-text\\" placeholder=\\"Review length must be at least 25 characters.\\" name=\\"review-text\\" rows=\\"6\\" style=\\"resize: vertical;\\" spellcheck=\\"false\\" required=\\"\\"></textarea></div><small class=\\"text-danger\\" style=\\"display: block; text-align: right;\\">Words: 0 / Characters: 0</small><div class=\\"rating-container\\"><b>Rating (optional): </b><span style=\\"display: inline-block; direction: ltr;\\"><span class=\\"rating-stars\\" style=\\"position: relative; display: inline-block; overflow: hidden; white-space: nowrap; cursor: pointer; vertical-align: middle; user-select: none;\\" aria-hidden=\\"true\\"><span class=\\"empty-icons\\" style=\\"display: inline-block; color: rgb(204, 204, 204);\\"><svg fill=\\"currentColor\\" width=\\"20\\" height=\\"20\\" viewBox=\\"0 0 24 24\\" class=\\"star-svg\\"><path fill=\\"currentColor\\" stroke=\\"none\\" stroke-miterlimit=\\"10\\" stroke-width=\\"0\\" d=\\"M12,17.27L18.18,21l-1.64-7.03L22,9.24l-7.19-0.61L12,2L9.19,8.63L2,9.24l5.46,4.73L5.82,21L12,17.27z\\"></path></svg><svg fill=\\"currentColor\\" width=\\"20\\" height=\\"20\\" viewBox=\\"0 0 24 24\\" class=\\"star-svg\\"><path fill=\\"currentColor\\" stroke=\\"none\\" stroke-miterlimit=\\"10\\" stroke-width=\\"0\\" d=\\"M12,17.27L18.18,21l-1.64-7.03L22,9.24l-7.19-0.61L12,2L9.19,8.63L2,9.24l5.46,4.73L5.82,21L12,17.27z\\"></path></svg><svg fill=\\"currentColor\\" width=\\"20\\" height=\\"20\\" viewBox=\\"0 0 24 24\\" class=\\"star-svg\\"><path fill=\\"currentColor\\" stroke=\\"none\\" stroke-miterlimit=\\"10\\" stroke-width=\\"0\\" d=\\"M12,17.27L18.18,21l-1.64-7.03L22,9.24l-7.19-0.61L12,2L9.19,8.63L2,9.24l5.46,4.73L5.82,21L12,17.27z\\"></path></svg><svg fill=\\"currentColor\\" width=\\"20\\" height=\\"20\\" viewBox=\\"0 0 24 24\\" class=\\"star-svg\\"><path fill=\\"currentColor\\" stroke=\\"none\\" stroke-miterlimit=\\"10\\" stroke-width=\\"0\\" d=\\"M12,17.27L18.18,21l-1.64-7.03L22,9.24l-7.19-0.61L12,2L9.19,8.63L2,9.24l5.46,4.73L5.82,21L12,17.27z\\"></path></svg><svg fill=\\"currentColor\\" width=\\"20\\" height=\\"20\\" viewBox=\\"0 0 24 24\\" class=\\"star-svg\\"><path fill=\\"currentColor\\" stroke=\\"none\\" stroke-miterlimit=\\"10\\" stroke-width=\\"0\\" d=\\"M12,17.27L18.18,21l-1.64-7.03L22,9.24l-7.19-0.61L12,2L9.19,8.63L2,9.24l5.46,4.73L5.82,21L12,17.27z\\"></path></svg></span><span class=\\"filled-icons\\" style=\\"position: absolute; top: 0px; left: 0px; color: rgb(255, 188, 11); overflow: hidden; white-space: nowrap; display: inline-block; transition: width .2s ease, color .2s ease; width: 0%;\\" title=\\"null out of 5\\"><svg fill=\\"currentColor\\" width=\\"20\\" height=\\"20\\" viewBox=\\"0 0 24 24\\" class=\\"star-svg\\"><path fill=\\"currentColor\\" stroke=\\"none\\" stroke-miterlimit=\\"10\\" stroke-width=\\"0\\" d=\\"M12,17.27L18.18,21l-1.64-7.03L22,9.24l-7.19-0.61L12,2L9.19,8.63L2,9.24l5.46,4.73L5.82,21L12,17.27z\\"></path></svg><svg fill=\\"currentColor\\" width=\\"20\\" height=\\"20\\" viewBox=\\"0 0 24 24\\" class=\\"star-svg\\"><path fill=\\"currentColor\\" stroke=\\"none\\" stroke-miterlimit=\\"10\\" stroke-width=\\"0\\" d=\\"M12,17.27L18.18,21l-1.64-7.03L22,9.24l-7.19-0.61L12,2L9.19,8.63L2,9.24l5.46,4.73L5.82,21L12,17.27z\\"></path></svg><svg fill=\\"currentColor\\" width=\\"20\\" height=\\"20\\" viewBox=\\"0 0 24 24\\" class=\\"star-svg\\"><path fill=\\"currentColor\\" stroke=\\"none\\" stroke-miterlimit=\\"10\\" stroke-width=\\"0\\" d=\\"M12,17.27L18.18,21l-1.64-7.03L22,9.24l-7.19-0.61L12,2L9.19,8.63L2,9.24l5.46,4.73L5.82,21L12,17.27z\\"></path></svg><svg fill=\\"currentColor\\" width=\\"20\\" height=\\"20\\" viewBox=\\"0 0 24 24\\" class=\\"star-svg\\"><path fill=\\"currentColor\\" stroke=\\"none\\" stroke-miterlimit=\\"10\\" stroke-width=\\"0\\" d=\\"M12,17.27L18.18,21l-1.64-7.03L22,9.24l-7.19-0.61L12,2L9.19,8.63L2,9.24l5.46,4.73L5.82,21L12,17.27z\\"></path></svg><svg fill=\\"currentColor\\" width=\\"20\\" height=\\"20\\" viewBox=\\"0 0 24 24\\" class=\\"star-svg\\"><path fill=\\"currentColor\\" stroke=\\"none\\" stroke-miterlimit=\\"10\\" stroke-width=\\"0\\" d=\\"M12,17.27L18.18,21l-1.64-7.03L22,9.24l-7.19-0.61L12,2L9.19,8.63L2,9.24l5.46,4.73L5.82,21L12,17.27z\\"></path></svg></span></span></span></div><div class=\\"dropdown\\"><b>Language of your review: </b><select id=\\"language-selector\\" name=\\"language\\"><option value=\\"aa\\">Afar</option><option value=\\"ab\\">Abkhazian</option><option value=\\"ae\\">Avestan</option><option value=\\"af\\">Afrikaans</option><option value=\\"ak\\">Akan</option><option value=\\"am\\">Amharic</option><option value=\\"an\\">Aragonese</option><option value=\\"ar\\">Arabic</option><option value=\\"as\\">Assamese</option><option value=\\"av\\">Avaric</option><option value=\\"ay\\">Aymara</option><option value=\\"az\\">Azerbaijani</option><option value=\\"ba\\">Bashkir</option><option value=\\"be\\">Belarusian</option><option value=\\"bg\\">Bulgarian</option><option value=\\"bh\\">Bihari languages</option><option value=\\"bi\\">Bislama</option><option value=\\"bm\\">Bambara</option><option value=\\"bn\\">Bengali</option><option value=\\"bo\\">Tibetan</option><option value=\\"br\\">Breton</option><option value=\\"bs\\">Bosnian</option><option value=\\"ca\\">Catalan</option><option value=\\"ce\\">Chechen</option><option value=\\"ch\\">Chamorro</option><option value=\\"co\\">Corsican</option><option value=\\"cr\\">Cree</option><option value=\\"cs\\">Czech</option><option value=\\"cu\\">Church Slavic</option><option value=\\"cv\\">Chuvash</option><option value=\\"cy\\">Welsh</option><option value=\\"da\\">Danish</option><option value=\\"de\\">German</option><option value=\\"dv\\">Maldivian</option><option value=\\"dz\\">Dzongkha</option><option value=\\"ee\\">Ewe</option><option value=\\"el\\">Greek (modern)</option><option value=\\"en\\">English</option><option value=\\"eo\\">Esperanto</option><option value=\\"es\\">Spanish</option><option value=\\"et\\">Estonian</option><option value=\\"eu\\">Basque</option><option value=\\"fa\\">Persian</option><option value=\\"ff\\">Fulah</option><option value=\\"fi\\">Finnish</option><option value=\\"fj\\">Fijian</option><option value=\\"fo\\">Faroese</option><option value=\\"fr\\">French</option><option value=\\"fy\\">Western Frisian</option><option value=\\"ga\\">Irish</option><option value=\\"gd\\">Gaelic</option><option value=\\"gl\\">Galician</option><option value=\\"gn\\">Guaraní</option><option value=\\"gu\\">Gujarati</option><option value=\\"gv\\">Manx</option><option value=\\"ha\\">Hausa</option><option value=\\"he\\">Hebrew (modern)</option><option value=\\"hi\\">Hindi</option><option value=\\"ho\\">Hiri Motu</option><option value=\\"hr\\">Croatian</option><option value=\\"ht\\">Haitian Creole</option><option value=\\"hu\\">Hungarian</option><option value=\\"hy\\">Armenian</option><option value=\\"hz\\">Herero</option><option value=\\"ia\\">Interlingua</option><option value=\\"id\\">Indonesian</option><option value=\\"ie\\">Interlingue</option><option value=\\"ig\\">Igbo</option><option value=\\"ii\\">Nuosu</option><option value=\\"ik\\">Inupiaq</option><option value=\\"io\\">Ido</option><option value=\\"is\\">Icelandic</option><option value=\\"it\\">Italian</option><option value=\\"iu\\">Inuktitut</option><option value=\\"ja\\">Japanese</option><option value=\\"jv\\">Javanese</option><option value=\\"ka\\">Georgian</option><option value=\\"kg\\">Kongo</option><option value=\\"ki\\">Kikuyu</option><option value=\\"kj\\">Kwanyama</option><option value=\\"kk\\">Kazakh</option><option value=\\"kl\\">Greenlandic</option><option value=\\"km\\">Central Khmer</option><option value=\\"kn\\">Kannada</option><option value=\\"ko\\">Korean</option><option value=\\"kr\\">Kanuri</option><option value=\\"ks\\">Kashmiri</option><option value=\\"ku\\">Kurdish</option><option value=\\"kv\\">Komi</option><option value=\\"kw\\">Cornish</option><option value=\\"ky\\">Kyrgyz</option><option value=\\"la\\">Latin</option><option value=\\"lb\\">Luxembourgish</option><option value=\\"lg\\">Ganda</option><option value=\\"li\\">Limburgish</option><option value=\\"ln\\">Lingala</option><option value=\\"lo\\">Lao</option><option value=\\"lt\\">Lithuanian</option><option value=\\"lu\\">Luba-Katanga</option><option value=\\"lv\\">Latvian</option><option value=\\"mg\\">Malagasy</option><option value=\\"mh\\">Marshallese</option><option value=\\"mi\\">Maori</option><option value=\\"mk\\">Macedonian</option><option value=\\"ml\\">Malayalam</option><option value=\\"mn\\">Mongolian</option><option value=\\"mr\\">Marathi</option><option value=\\"ms\\">Malay</option><option value=\\"mt\\">Maltese</option><option value=\\"my\\">Burmese</option><option value=\\"na\\">Nauru</option><option value=\\"nb\\">Bokmål</option><option value=\\"nd\\">North Ndebele</option><option value=\\"ne\\">Nepali</option><option value=\\"ng\\">Ndonga</option><option value=\\"nl\\">Dutch</option><option value=\\"nn\\">Norwegian Nynorsk</option><option value=\\"no\\">Norwegian</option><option value=\\"nr\\">South Ndebele</option><option value=\\"nv\\">Navajo</option><option value=\\"ny\\">Nyanja</option><option value=\\"oc\\">Occitan</option><option value=\\"oj\\">Ojibwa</option><option value=\\"om\\">Oromo</option><option value=\\"or\\">Oriya</option><option value=\\"os\\">Ossetian</option><option value=\\"pa\\">Punjabi</option><option value=\\"pi\\">Pali</option><option value=\\"pl\\">Polish</option><option value=\\"ps\\">Pashto</option><option value=\\"pt\\">Portuguese</option><option value=\\"qu\\">Quechua</option><option value=\\"rm\\">Romansh</option><option value=\\"rn\\">Rundi</option><option value=\\"ro\\">Romanian</option><option value=\\"ru\\">Russian</option><option value=\\"rw\\">Kinyarwanda</option><option value=\\"sa\\">Sanskrit</option><option value=\\"sc\\">Sardinian</option><option value=\\"sd\\">Sindhi</option><option value=\\"se\\">Northern Sami</option><option value=\\"sg\\">Sango</option><option value=\\"si\\">Sinhalese</option><option value=\\"sk\\">Slovak</option><option value=\\"sl\\">Slovenian</option><option value=\\"sm\\">Samoan</option><option value=\\"sn\\">Shona</option><option value=\\"so\\">Somali</option><option value=\\"sq\\">Albanian</option><option value=\\"sr\\">Serbian</option><option value=\\"ss\\">Swati</option><option value=\\"st\\">Southern Sotho</option><option value=\\"su\\">Sundanese</option><option value=\\"sv\\">Swedish</option><option value=\\"sw\\">Swahili</option><option value=\\"ta\\">Tamil</option><option value=\\"te\\">Telugu</option><option value=\\"tg\\">Tajik</option><option value=\\"th\\">Thai</option><option value=\\"ti\\">Tigrinya</option><option value=\\"tk\\">Turkmen</option><option value=\\"tl\\">Tagalog</option><option value=\\"tn\\">Tswana</option><option value=\\"to\\">Tonga</option><option value=\\"tr\\">Turkish</option><option value=\\"ts\\">Tsonga</option><option value=\\"tt\\">Tatar</option><option value=\\"tw\\">Twi</option><option value=\\"ty\\">Tahitian</option><option value=\\"ug\\">Uyghur</option><option value=\\"uk\\">Ukrainian</option><option value=\\"ur\\">Urdu</option><option value=\\"uz\\">Uzbek</option><option value=\\"ve\\">Venda</option><option value=\\"vi\\">Vietnamese</option><option value=\\"vo\\">Volapük</option><option value=\\"wa\\">Walloon</option><option value=\\"wo\\">Wolof</option><option value=\\"xh\\">Xhosa</option><option value=\\"yi\\">Yiddish</option><option value=\\"yo\\">Yoruba</option><option value=\\"za\\">Zhuang</option><option value=\\"zh\\">Chinese</option><option value=\\"zu\\">Zulu</option></select></div><div class=\\"checkbox\\"><label><input id=\\"acceptLicense\\" type=\\"checkbox\\" name=\\"acceptLicense\\" required=\\"\\"><small>&nbsp;You acknowledge and agree that your contributed reviews to CritiqueBrainz are licensed under a Creative Commons Attribution-ShareAlike 3.0 Unported (CC BY-SA 3.0) license. You agree to license your work under this license. You represent and warrant that you own or control all rights in and to the work, that nothing in the work infringes the rights of any third-party, and that you have the permission to use and to license the work under the selected Creative Commons license. Finally, you give the MetaBrainz Foundation permission to license this content for commercial use outside of Creative Commons licenses in order to support the operations of the organization.</small></label></div><div id=\\"text-too-short-alert\\" class=\\"alert alert-danger\\">Your review needs to be longer than 25 characters.</div></div></div><div class=\\"modal-footer\\"><button type=\\"submit\\" class=\\"btn btn-success\\" id=\\"submitReviewButton\\" disabled=\\"\\">Submit Review to CritiqueBrainz</button></div></form></div></div>"
`;
