// Jest Snapshot v1, https://goo.gl/fbAQLP

exports[`NamePill renders correctly 1`] = `
<NamePill
  closeAction={[MockFunction]}
  title="foobar"
>
  <div
    className="pill secondary active"
  >
    <span>
      foobar
    </span>
    <ListenControl
      action={[MockFunction]}
      icon={
        Object {
          "icon": Array [
            512,
            512,
            Array [
              61532,
              "times-circle",
              "xmark-circle",
            ],
            "f057",
            "M256 512A256 256 0 1 0 256 0a256 256 0 1 0 0 512zM175 175c9.4-9.4 24.6-9.4 33.9 0l47 47 47-47c9.4-9.4 24.6-9.4 33.9 0s9.4 24.6 0 33.9l-47 47 47 47c9.4 9.4 9.4 24.6 0 33.9s-24.6 9.4-33.9 0l-47-47-47 47c-9.4 9.4-24.6 9.4-33.9 0s-9.4-24.6 0-33.9l47-47-47-47c-9.4-9.4-9.4-24.6 0-33.9z",
          ],
          "iconName": "circle-xmark",
          "prefix": "fas",
        }
      }
      text=""
    >
      <button
        aria-label=""
        disabled={false}
        onClick={[MockFunction]}
        role="menuitem"
        title=""
        type="button"
      >
        <FontAwesomeIcon
          beat={false}
          beatFade={false}
          border={false}
          bounce={false}
          className=""
          fade={false}
          fixedWidth={false}
          flip={false}
          icon={
            Object {
              "icon": Array [
                512,
                512,
                Array [
                  61532,
                  "times-circle",
                  "xmark-circle",
                ],
                "f057",
                "M256 512A256 256 0 1 0 256 0a256 256 0 1 0 0 512zM175 175c9.4-9.4 24.6-9.4 33.9 0l47 47 47-47c9.4-9.4 24.6-9.4 33.9 0s9.4 24.6 0 33.9l-47 47 47 47c9.4 9.4 9.4 24.6 0 33.9s-24.6 9.4-33.9 0l-47-47-47 47c-9.4 9.4-24.6 9.4-33.9 0s-9.4-24.6 0-33.9l47-47-47-47c-9.4-9.4-9.4-24.6 0-33.9z",
              ],
              "iconName": "circle-xmark",
              "prefix": "fas",
            }
          }
          inverse={false}
          listItem={false}
          mask={null}
          maskId={null}
          pull={null}
          pulse={false}
          rotation={null}
          shake={false}
          size={null}
          spin={false}
          spinPulse={false}
          spinReverse={false}
          swapOpacity={false}
          symbol={false}
          title=""
          titleId={null}
          transform={null}
        >
          <svg
            aria-hidden="true"
            className="svg-inline--fa fa-circle-xmark "
            data-icon="circle-xmark"
            data-prefix="fas"
            focusable="false"
            role="img"
            style={Object {}}
            viewBox="0 0 512 512"
            xmlns="http://www.w3.org/2000/svg"
          >
            <path
              d="M256 512A256 256 0 1 0 256 0a256 256 0 1 0 0 512zM175 175c9.4-9.4 24.6-9.4 33.9 0l47 47 47-47c9.4-9.4 24.6-9.4 33.9 0s9.4 24.6 0 33.9l-47 47 47 47c9.4 9.4 9.4 24.6 0 33.9s-24.6 9.4-33.9 0l-47-47-47 47c-9.4 9.4-24.6 9.4-33.9 0s-9.4-24.6 0-33.9l47-47-47-47c-9.4-9.4-9.4-24.6 0-33.9z"
              fill="currentColor"
              style={Object {}}
            />
          </svg>
        </FontAwesomeIcon>
         
      </button>
    </ListenControl>
  </div>
</NamePill>
`;
