// Jest Snapshot v1, https://goo.gl/fbAQLP

exports[`<SearchDropDown /> renders correctly 1`] = `
<SearchDropDown
  action={[MockFunction]}
  suggestions={
    Array [
      "hrik2001",
      "riksucks",
    ]
  }
>
  <div
    className="search-dropdown"
  >
    <ListenControl
      action={[Function]}
      icon={
        Object {
          "icon": Array [
            448,
            512,
            Array [
              128100,
              62144,
            ],
            "f007",
            "M224 256A128 128 0 1 0 224 0a128 128 0 1 0 0 256zm-45.7 48C79.8 304 0 383.8 0 482.3C0 498.7 13.3 512 29.7 512H418.3c16.4 0 29.7-13.3 29.7-29.7C448 383.8 368.2 304 269.7 304H178.3z",
          ],
          "iconName": "user",
          "prefix": "fas",
        }
      }
      text="hrik2001"
    >
      <button
        aria-label="hrik2001"
        disabled={false}
        onClick={[Function]}
        role="menuitem"
        title="hrik2001"
        type="button"
      >
        <FontAwesomeIcon
          beat={false}
          beatFade={false}
          border={false}
          bounce={false}
          className=""
          fade={false}
          fixedWidth={false}
          flip={false}
          icon={
            Object {
              "icon": Array [
                448,
                512,
                Array [
                  128100,
                  62144,
                ],
                "f007",
                "M224 256A128 128 0 1 0 224 0a128 128 0 1 0 0 256zm-45.7 48C79.8 304 0 383.8 0 482.3C0 498.7 13.3 512 29.7 512H418.3c16.4 0 29.7-13.3 29.7-29.7C448 383.8 368.2 304 269.7 304H178.3z",
              ],
              "iconName": "user",
              "prefix": "fas",
            }
          }
          inverse={false}
          listItem={false}
          mask={null}
          maskId={null}
          pull={null}
          pulse={false}
          rotation={null}
          shake={false}
          size={null}
          spin={false}
          spinPulse={false}
          spinReverse={false}
          swapOpacity={false}
          symbol={false}
          title=""
          titleId={null}
          transform={null}
        >
          <svg
            aria-hidden="true"
            className="svg-inline--fa fa-user "
            data-icon="user"
            data-prefix="fas"
            focusable="false"
            role="img"
            style={Object {}}
            viewBox="0 0 448 512"
            xmlns="http://www.w3.org/2000/svg"
          >
            <path
              d="M224 256A128 128 0 1 0 224 0a128 128 0 1 0 0 256zm-45.7 48C79.8 304 0 383.8 0 482.3C0 498.7 13.3 512 29.7 512H418.3c16.4 0 29.7-13.3 29.7-29.7C448 383.8 368.2 304 269.7 304H178.3z"
              fill="currentColor"
              style={Object {}}
            />
          </svg>
        </FontAwesomeIcon>
         
        hrik2001
      </button>
    </ListenControl>
    <ListenControl
      action={[Function]}
      icon={
        Object {
          "icon": Array [
            448,
            512,
            Array [
              128100,
              62144,
            ],
            "f007",
            "M224 256A128 128 0 1 0 224 0a128 128 0 1 0 0 256zm-45.7 48C79.8 304 0 383.8 0 482.3C0 498.7 13.3 512 29.7 512H418.3c16.4 0 29.7-13.3 29.7-29.7C448 383.8 368.2 304 269.7 304H178.3z",
          ],
          "iconName": "user",
          "prefix": "fas",
        }
      }
      text="riksucks"
    >
      <button
        aria-label="riksucks"
        disabled={false}
        onClick={[Function]}
        role="menuitem"
        title="riksucks"
        type="button"
      >
        <FontAwesomeIcon
          beat={false}
          beatFade={false}
          border={false}
          bounce={false}
          className=""
          fade={false}
          fixedWidth={false}
          flip={false}
          icon={
            Object {
              "icon": Array [
                448,
                512,
                Array [
                  128100,
                  62144,
                ],
                "f007",
                "M224 256A128 128 0 1 0 224 0a128 128 0 1 0 0 256zm-45.7 48C79.8 304 0 383.8 0 482.3C0 498.7 13.3 512 29.7 512H418.3c16.4 0 29.7-13.3 29.7-29.7C448 383.8 368.2 304 269.7 304H178.3z",
              ],
              "iconName": "user",
              "prefix": "fas",
            }
          }
          inverse={false}
          listItem={false}
          mask={null}
          maskId={null}
          pull={null}
          pulse={false}
          rotation={null}
          shake={false}
          size={null}
          spin={false}
          spinPulse={false}
          spinReverse={false}
          swapOpacity={false}
          symbol={false}
          title=""
          titleId={null}
          transform={null}
        >
          <svg
            aria-hidden="true"
            className="svg-inline--fa fa-user "
            data-icon="user"
            data-prefix="fas"
            focusable="false"
            role="img"
            style={Object {}}
            viewBox="0 0 448 512"
            xmlns="http://www.w3.org/2000/svg"
          >
            <path
              d="M224 256A128 128 0 1 0 224 0a128 128 0 1 0 0 256zm-45.7 48C79.8 304 0 383.8 0 482.3C0 498.7 13.3 512 29.7 512H418.3c16.4 0 29.7-13.3 29.7-29.7C448 383.8 368.2 304 269.7 304H178.3z"
              fill="currentColor"
              style={Object {}}
            />
          </svg>
        </FontAwesomeIcon>
         
        riksucks
      </button>
    </ListenControl>
  </div>
</SearchDropDown>
`;
