// Jest Snapshot v1, https://goo.gl/fbAQLP

exports[`LastFmImporterModal renders 1`] = `"<div style=\\"position: fixed; height: auto; top: 50%; z-index: 2; width: 90%; max-width: 500px; left: 50%; transform: translate(-50%, -50%); background-color: rgb(255, 255, 255); box-shadow: 0 19px 38px rgba(0,0,0,0.30), 0 15px 12px rgba(0,0,0,0.22); text-align: center; padding: 50px;\\" id=\\"listen-progress-container\\"><button style=\\"position: absolute; top: 5px; right: 10px; outline: none; background: transparent;\\" type=\\"button\\"><svg aria-hidden=\\"true\\" focusable=\\"false\\" data-prefix=\\"fas\\" data-icon=\\"xmark\\" class=\\"svg-inline--fa fa-xmark \\" role=\\"img\\" xmlns=\\"http://www.w3.org/2000/svg\\" viewBox=\\"0 0 384 512\\"><path fill=\\"currentColor\\" d=\\"M342.6 150.6c12.5-12.5 12.5-32.8 0-45.3s-32.8-12.5-45.3 0L192 210.7 86.6 105.4c-12.5-12.5-32.8-12.5-45.3 0s-12.5 32.8 0 45.3L146.7 256 41.4 361.4c-12.5 12.5-12.5 32.8 0 45.3s32.8 12.5 45.3 0L192 301.3 297.4 406.6c12.5 12.5 32.8 12.5 45.3 0s12.5-32.8 0-45.3L237.3 256 342.6 150.6z\\"></path></svg></button><div></div></div>"`;
