// Jest Snapshot v1, https://goo.gl/fbAQLP

exports[`ListenCountCard renders correctly 1`] = `
<ListenControl
  icon={
    Object {
      "icon": Array [
        512,
        512,
        Array [
          128153,
          128154,
          128155,
          128156,
          128420,
          129293,
          129294,
          129505,
          9829,
          10084,
          61578,
        ],
        "f004",
        "M47.6 300.4L228.3 469.1c7.5 7 17.4 10.9 27.7 10.9s20.2-3.9 27.7-10.9L464.4 300.4c30.4-28.3 47.6-68 47.6-109.5v-5.8c0-69.9-50.5-129.5-119.4-141C347 36.5 300.6 51.4 268 84L256 96 244 84c-32.6-32.6-79-47.5-124.6-39.9C50.5 55.6 0 115.2 0 185.1v5.8c0 41.5 17.2 81.2 47.6 109.5z",
      ],
      "iconName": "heart",
      "prefix": "fas",
    }
  }
  text="foobar"
  title="foobar"
>
  <button
    aria-label="foobar"
    disabled={false}
    role="menuitem"
    title="foobar"
    type="button"
  >
    <FontAwesomeIcon
      beat={false}
      beatFade={false}
      border={false}
      bounce={false}
      className=""
      fade={false}
      fixedWidth={false}
      flip={false}
      icon={
        Object {
          "icon": Array [
            512,
            512,
            Array [
              128153,
              128154,
              128155,
              128156,
              128420,
              129293,
              129294,
              129505,
              9829,
              10084,
              61578,
            ],
            "f004",
            "M47.6 300.4L228.3 469.1c7.5 7 17.4 10.9 27.7 10.9s20.2-3.9 27.7-10.9L464.4 300.4c30.4-28.3 47.6-68 47.6-109.5v-5.8c0-69.9-50.5-129.5-119.4-141C347 36.5 300.6 51.4 268 84L256 96 244 84c-32.6-32.6-79-47.5-124.6-39.9C50.5 55.6 0 115.2 0 185.1v5.8c0 41.5 17.2 81.2 47.6 109.5z",
          ],
          "iconName": "heart",
          "prefix": "fas",
        }
      }
      inverse={false}
      listItem={false}
      mask={null}
      maskId={null}
      pull={null}
      pulse={false}
      rotation={null}
      shake={false}
      size={null}
      spin={false}
      spinPulse={false}
      spinReverse={false}
      swapOpacity={false}
      symbol={false}
      title=""
      titleId={null}
      transform={null}
    >
      <svg
        aria-hidden="true"
        className="svg-inline--fa fa-heart "
        data-icon="heart"
        data-prefix="fas"
        focusable="false"
        role="img"
        style={Object {}}
        viewBox="0 0 512 512"
        xmlns="http://www.w3.org/2000/svg"
      >
        <path
          d="M47.6 300.4L228.3 469.1c7.5 7 17.4 10.9 27.7 10.9s20.2-3.9 27.7-10.9L464.4 300.4c30.4-28.3 47.6-68 47.6-109.5v-5.8c0-69.9-50.5-129.5-119.4-141C347 36.5 300.6 51.4 268 84L256 96 244 84c-32.6-32.6-79-47.5-124.6-39.9C50.5 55.6 0 115.2 0 185.1v5.8c0 41.5 17.2 81.2 47.6 109.5z"
          fill="currentColor"
          style={Object {}}
        />
      </svg>
    </FontAwesomeIcon>
     
    foobar
  </button>
</ListenControl>
`;
