// Jest Snapshot v1, https://goo.gl/fbAQLP

exports[`BrainzPlayer renders correctly 1`] = `"<div><div id=\\"brainz-player\\" aria-label=\\"Playback control\\"><div class=\\"progress hidden\\" aria-label=\\"Audio progress control\\" role=\\"progressbar\\" aria-valuemin=\\"0\\" aria-valuemax=\\"100\\" aria-valuenow=\\"NaN\\" tabindex=\\"0\\" data-tip=\\"0:00\\"><div class=\\"progress-bar\\"></div>This is a mocked react-tooltip component.</div><div class=\\"content\\"><div class=\\"cover-art\\"><div class=\\"no-album-art\\"></div><div class=\\"youtube-wrapper hidden react-draggable\\" style=\\"transform: translate(0px,0px);\\"><button class=\\"btn btn-sm youtube-drag-handle\\" type=\\"button\\"><svg aria-hidden=\\"true\\" focusable=\\"false\\" data-prefix=\\"fas\\" data-icon=\\"up-down-left-right\\" class=\\"svg-inline--fa fa-up-down-left-right \\" role=\\"img\\" xmlns=\\"http://www.w3.org/2000/svg\\" viewBox=\\"0 0 512 512\\"><path fill=\\"currentColor\\" d=\\"M278.6 9.4c-12.5-12.5-32.8-12.5-45.3 0l-64 64c-9.2 9.2-11.9 22.9-6.9 34.9s16.6 19.8 29.6 19.8h32v96H128V192c0-12.9-7.8-24.6-19.8-29.6s-25.7-2.2-34.9 6.9l-64 64c-12.5 12.5-12.5 32.8 0 45.3l64 64c9.2 9.2 22.9 11.9 34.9 6.9s19.8-16.6 19.8-29.6V288h96v96H192c-12.9 0-24.6 7.8-29.6 19.8s-2.2 25.7 6.9 34.9l64 64c12.5 12.5 32.8 12.5 45.3 0l64-64c9.2-9.2 11.9-22.9 6.9-34.9s-16.6-19.8-29.6-19.8H288V288h96v32c0 12.9 7.8 24.6 19.8 29.6s25.7 2.2 34.9-6.9l64-64c12.5-12.5 12.5-32.8 0-45.3l-64-64c-9.2-9.2-22.9-11.9-34.9-6.9s-19.8 16.6-19.8 29.6v32H288V128h32c12.9 0 24.6-7.8 29.6-19.8s2.2-25.7-6.9-34.9l-64-64z\\"></path></svg></button><div class=\\"\\"><div class=\\"youtube-player\\"></div></div></div><div class=\\"soundcloud hidden\\"><iframe id=\\"soundcloud-iframe\\" title=\\"Soundcloud player\\" width=\\"100%\\" height=\\"420px\\" style=\\"display: none;\\" scrolling=\\"no\\" frameborder=\\"no\\" allow=\\"autoplay\\" src=\\"https://w.soundcloud.com/player/?auto_play=false\\"></iframe><div></div></div></div><div class=\\"\\"></div></div><div class=\\"controls\\"><div class=\\"previous\\" title=\\"Previous\\" role=\\"button\\" tabindex=\\"0\\"><svg aria-hidden=\\"true\\" focusable=\\"false\\" data-prefix=\\"fas\\" data-icon=\\"backward-fast\\" class=\\"svg-inline--fa fa-backward-fast \\" role=\\"img\\" xmlns=\\"http://www.w3.org/2000/svg\\" viewBox=\\"0 0 512 512\\"><path fill=\\"currentColor\\" d=\\"M493.6 445c-11.2 5.3-24.5 3.6-34.1-4.4L288 297.7V416c0 12.4-7.2 23.7-18.4 29s-24.5 3.6-34.1-4.4L64 297.7V416c0 17.7-14.3 32-32 32s-32-14.3-32-32V96C0 78.3 14.3 64 32 64s32 14.3 32 32V214.3L235.5 71.4c9.5-7.9 22.8-9.7 34.1-4.4S288 83.6 288 96V214.3L459.5 71.4c9.5-7.9 22.8-9.7 34.1-4.4S512 83.6 512 96V416c0 12.4-7.2 23.7-18.4 29z\\"></path></svg></div><div class=\\"play\\" title=\\"Play\\" role=\\"button\\" tabindex=\\"0\\"><svg aria-hidden=\\"true\\" focusable=\\"false\\" data-prefix=\\"fas\\" data-icon=\\"circle-play\\" class=\\"svg-inline--fa fa-circle-play fa-2x \\" role=\\"img\\" xmlns=\\"http://www.w3.org/2000/svg\\" viewBox=\\"0 0 512 512\\"><path fill=\\"currentColor\\" d=\\"M0 256a256 256 0 1 1 512 0A256 256 0 1 1 0 256zM188.3 147.1c-7.6 4.2-12.3 12.3-12.3 20.9V344c0 8.7 4.7 16.7 12.3 20.9s16.8 4.1 24.3-.5l144-88c7.1-4.4 11.5-12.1 11.5-20.5s-4.4-16.1-11.5-20.5l-144-88c-7.4-4.5-16.7-4.7-24.3-.5z\\"></path></svg></div><div class=\\"next\\" title=\\"Next\\" role=\\"button\\" tabindex=\\"0\\"><svg aria-hidden=\\"true\\" focusable=\\"false\\" data-prefix=\\"fas\\" data-icon=\\"forward-fast\\" class=\\"svg-inline--fa fa-forward-fast \\" role=\\"img\\" xmlns=\\"http://www.w3.org/2000/svg\\" viewBox=\\"0 0 512 512\\"><path fill=\\"currentColor\\" d=\\"M18.4 445c11.2 5.3 24.5 3.6 34.1-4.4L224 297.7V416c0 12.4 7.2 23.7 18.4 29s24.5 3.6 34.1-4.4L448 297.7V416c0 17.7 14.3 32 32 32s32-14.3 32-32V96c0-17.7-14.3-32-32-32s-32 14.3-32 32V214.3L276.5 71.4c-9.5-7.9-22.8-9.7-34.1-4.4S224 83.6 224 96V214.3L52.5 71.4c-9.5-7.9-22.8-9.7-34.1-4.4S0 83.6 0 96V416c0 12.4 7.2 23.7 18.4 29z\\"></path></svg></div></div><div class=\\"actions\\"><svg aria-labelledby=\\"svg-inline--fa-title-000000000000\\" data-prefix=\\"fas\\" data-icon=\\"heart\\" class=\\"svg-inline--fa fa-heart  disabled\\" role=\\"img\\" xmlns=\\"http://www.w3.org/2000/svg\\" viewBox=\\"0 0 512 512\\"><title id=\\"svg-inline--fa-title-000000000000\\">Love</title><path fill=\\"currentColor\\" d=\\"M47.6 300.4L228.3 469.1c7.5 7 17.4 10.9 27.7 10.9s20.2-3.9 27.7-10.9L464.4 300.4c30.4-28.3 47.6-68 47.6-109.5v-5.8c0-69.9-50.5-129.5-119.4-141C347 36.5 300.6 51.4 268 84L256 96 244 84c-32.6-32.6-79-47.5-124.6-39.9C50.5 55.6 0 115.2 0 185.1v5.8c0 41.5 17.2 81.2 47.6 109.5z\\"></path></svg><svg aria-labelledby=\\"svg-inline--fa-title-000000000000\\" data-prefix=\\"fas\\" data-icon=\\"heart-crack\\" class=\\"svg-inline--fa fa-heart-crack  disabled\\" role=\\"img\\" xmlns=\\"http://www.w3.org/2000/svg\\" viewBox=\\"0 0 512 512\\"><title id=\\"svg-inline--fa-title-000000000000\\">Hate</title><path fill=\\"currentColor\\" d=\\"M119.4 44.1c23.3-3.9 46.8-1.9 68.6 5.3l49.8 77.5-75.4 75.4c-1.5 1.5-2.4 3.6-2.3 5.8s1 4.2 2.6 5.7l112 104c2.9 2.7 7.4 2.9 10.5 .3s3.8-7 1.7-10.4l-60.4-98.1 90.7-75.6c2.6-2.1 3.5-5.7 2.4-8.8L296.8 61.8c28.5-16.7 62.4-23.2 95.7-17.6C461.5 55.6 512 115.2 512 185.1v5.8c0 41.5-17.2 81.2-47.6 109.5L283.7 469.1c-7.5 7-17.4 10.9-27.7 10.9s-20.2-3.9-27.7-10.9L47.6 300.4C17.2 272.1 0 232.4 0 190.9v-5.8c0-69.9 50.5-129.5 119.4-141z\\"></path></svg><div aria-label=\\"Actions menu\\" aria-haspopup=\\"menu\\" aria-expanded=\\"false\\" role=\\"button\\" tabindex=\\"0\\"><svg aria-labelledby=\\"svg-inline--fa-title-000000000000\\" data-prefix=\\"fas\\" data-icon=\\"ellipsis-vertical\\" class=\\"svg-inline--fa fa-ellipsis-vertical \\" role=\\"img\\" xmlns=\\"http://www.w3.org/2000/svg\\" viewBox=\\"0 0 128 512\\" aria-hidden=\\"true\\"><title id=\\"svg-inline--fa-title-000000000000\\">More actions</title><path fill=\\"currentColor\\" d=\\"M64 360a56 56 0 1 0 0 112 56 56 0 1 0 0-112zm0-160a56 56 0 1 0 0 112 56 56 0 1 0 0-112zM120 96A56 56 0 1 0 8 96a56 56 0 1 0 112 0z\\"></path></svg></div></div></div></div>"`;
