// Jest Snapshot v1, https://goo.gl/fbAQLP

exports[`BrainzPlayerUI renders 1`] = `
<BrainzPlayerUI
  artistName="The xx"
  durationMs={10000}
  listenBrainzAPIBaseURI="api.example.com"
  playNextTrack={[Function]}
  playPreviousTrack={[Function]}
  playerPaused={true}
  progressMs={0}
  seekToPositionMs={[Function]}
  togglePlay={[Function]}
  trackName="Dangerous"
>
  <div
    aria-label="Playback control"
    id="brainz-player"
  >
    <ProgressBar
      durationMs={10000}
      progressMs={0}
      seekToPositionMs={[Function]}
    >
      <div
        aria-label="Audio progress control"
        aria-valuemax={100}
        aria-valuemin={0}
        aria-valuenow={0}
        className="progress hidden"
        data-tip="0:00"
        onClick={[Function]}
        onKeyDown={[Function]}
        onMouseMove={[Function]}
        role="progressbar"
        tabIndex={0}
      >
        <div
          className="progress-bar"
          style={
            Object {
              "width": "0%",
            }
          }
        />
        <mockConstructor
          className="progress-tooltip"
          getContent={[Function]}
          globalEventOff="click"
          overridePosition={[Function]}
        >
          This is a mocked react-tooltip component.
        </mockConstructor>
      </div>
    </ProgressBar>
    <div
      className="content"
    >
      <div
        className="cover-art"
      >
        <div
          className="no-album-art"
        />
      </div>
      <div
        className=""
      >
        <div
          className="ellipsis-2-lines"
          title="Dangerous"
        >
          Dangerous
        </div>
        <span
          className="small text-muted ellipsis"
          title="The xx"
        >
          The xx
        </span>
      </div>
    </div>
    <div
      className="controls"
    >
      <PlaybackControlButton
        action={[Function]}
        className="previous"
        icon={
          Object {
            "icon": Array [
              512,
              512,
              Array [
                9198,
                "fast-backward",
              ],
              "f049",
              "M493.6 445c-11.2 5.3-24.5 3.6-34.1-4.4L288 297.7V416c0 12.4-7.2 23.7-18.4 29s-24.5 3.6-34.1-4.4L64 297.7V416c0 17.7-14.3 32-32 32s-32-14.3-32-32V96C0 78.3 14.3 64 32 64s32 14.3 32 32V214.3L235.5 71.4c9.5-7.9 22.8-9.7 34.1-4.4S288 83.6 288 96V214.3L459.5 71.4c9.5-7.9 22.8-9.7 34.1-4.4S512 83.6 512 96V416c0 12.4-7.2 23.7-18.4 29z",
            ],
            "iconName": "backward-fast",
            "prefix": "fas",
          }
        }
        title="Previous"
      >
        <div
          className="previous"
          onClick={[Function]}
          onKeyPress={[Function]}
          role="button"
          tabIndex={0}
          title="Previous"
        >
          <FontAwesomeIcon
            beat={false}
            beatFade={false}
            border={false}
            bounce={false}
            className=""
            fade={false}
            fixedWidth={false}
            flip={false}
            icon={
              Object {
                "icon": Array [
                  512,
                  512,
                  Array [
                    9198,
                    "fast-backward",
                  ],
                  "f049",
                  "M493.6 445c-11.2 5.3-24.5 3.6-34.1-4.4L288 297.7V416c0 12.4-7.2 23.7-18.4 29s-24.5 3.6-34.1-4.4L64 297.7V416c0 17.7-14.3 32-32 32s-32-14.3-32-32V96C0 78.3 14.3 64 32 64s32 14.3 32 32V214.3L235.5 71.4c9.5-7.9 22.8-9.7 34.1-4.4S288 83.6 288 96V214.3L459.5 71.4c9.5-7.9 22.8-9.7 34.1-4.4S512 83.6 512 96V416c0 12.4-7.2 23.7-18.4 29z",
                ],
                "iconName": "backward-fast",
                "prefix": "fas",
              }
            }
            inverse={false}
            listItem={false}
            mask={null}
            maskId={null}
            pull={null}
            pulse={false}
            rotation={null}
            shake={false}
            size={null}
            spin={false}
            spinPulse={false}
            spinReverse={false}
            swapOpacity={false}
            symbol={false}
            title=""
            titleId={null}
            transform={null}
          >
            <svg
              aria-hidden="true"
              className="svg-inline--fa fa-backward-fast "
              data-icon="backward-fast"
              data-prefix="fas"
              focusable="false"
              role="img"
              style={Object {}}
              viewBox="0 0 512 512"
              xmlns="http://www.w3.org/2000/svg"
            >
              <path
                d="M493.6 445c-11.2 5.3-24.5 3.6-34.1-4.4L288 297.7V416c0 12.4-7.2 23.7-18.4 29s-24.5 3.6-34.1-4.4L64 297.7V416c0 17.7-14.3 32-32 32s-32-14.3-32-32V96C0 78.3 14.3 64 32 64s32 14.3 32 32V214.3L235.5 71.4c9.5-7.9 22.8-9.7 34.1-4.4S288 83.6 288 96V214.3L459.5 71.4c9.5-7.9 22.8-9.7 34.1-4.4S512 83.6 512 96V416c0 12.4-7.2 23.7-18.4 29z"
                fill="currentColor"
                style={Object {}}
              />
            </svg>
          </FontAwesomeIcon>
        </div>
      </PlaybackControlButton>
      <PlaybackControlButton
        action={[Function]}
        className="play"
        icon={
          Object {
            "icon": Array [
              512,
              512,
              Array [
                61469,
                "play-circle",
              ],
              "f144",
              "M0 256a256 256 0 1 1 512 0A256 256 0 1 1 0 256zM188.3 147.1c-7.6 4.2-12.3 12.3-12.3 20.9V344c0 8.7 4.7 16.7 12.3 20.9s16.8 4.1 24.3-.5l144-88c7.1-4.4 11.5-12.1 11.5-20.5s-4.4-16.1-11.5-20.5l-144-88c-7.4-4.5-16.7-4.7-24.3-.5z",
            ],
            "iconName": "circle-play",
            "prefix": "fas",
          }
        }
        size="2x"
        title="Play"
      >
        <div
          className="play"
          onClick={[Function]}
          onKeyPress={[Function]}
          role="button"
          tabIndex={0}
          title="Play"
        >
          <FontAwesomeIcon
            beat={false}
            beatFade={false}
            border={false}
            bounce={false}
            className=""
            fade={false}
            fixedWidth={false}
            flip={false}
            icon={
              Object {
                "icon": Array [
                  512,
                  512,
                  Array [
                    61469,
                    "play-circle",
                  ],
                  "f144",
                  "M0 256a256 256 0 1 1 512 0A256 256 0 1 1 0 256zM188.3 147.1c-7.6 4.2-12.3 12.3-12.3 20.9V344c0 8.7 4.7 16.7 12.3 20.9s16.8 4.1 24.3-.5l144-88c7.1-4.4 11.5-12.1 11.5-20.5s-4.4-16.1-11.5-20.5l-144-88c-7.4-4.5-16.7-4.7-24.3-.5z",
                ],
                "iconName": "circle-play",
                "prefix": "fas",
              }
            }
            inverse={false}
            listItem={false}
            mask={null}
            maskId={null}
            pull={null}
            pulse={false}
            rotation={null}
            shake={false}
            size="2x"
            spin={false}
            spinPulse={false}
            spinReverse={false}
            swapOpacity={false}
            symbol={false}
            title=""
            titleId={null}
            transform={null}
          >
            <svg
              aria-hidden="true"
              className="svg-inline--fa fa-circle-play fa-2x "
              data-icon="circle-play"
              data-prefix="fas"
              focusable="false"
              role="img"
              style={Object {}}
              viewBox="0 0 512 512"
              xmlns="http://www.w3.org/2000/svg"
            >
              <path
                d="M0 256a256 256 0 1 1 512 0A256 256 0 1 1 0 256zM188.3 147.1c-7.6 4.2-12.3 12.3-12.3 20.9V344c0 8.7 4.7 16.7 12.3 20.9s16.8 4.1 24.3-.5l144-88c7.1-4.4 11.5-12.1 11.5-20.5s-4.4-16.1-11.5-20.5l-144-88c-7.4-4.5-16.7-4.7-24.3-.5z"
                fill="currentColor"
                style={Object {}}
              />
            </svg>
          </FontAwesomeIcon>
        </div>
      </PlaybackControlButton>
      <PlaybackControlButton
        action={[Function]}
        className="next"
        icon={
          Object {
            "icon": Array [
              512,
              512,
              Array [
                9197,
                "fast-forward",
              ],
              "f050",
              "M18.4 445c11.2 5.3 24.5 3.6 34.1-4.4L224 297.7V416c0 12.4 7.2 23.7 18.4 29s24.5 3.6 34.1-4.4L448 297.7V416c0 17.7 14.3 32 32 32s32-14.3 32-32V96c0-17.7-14.3-32-32-32s-32 14.3-32 32V214.3L276.5 71.4c-9.5-7.9-22.8-9.7-34.1-4.4S224 83.6 224 96V214.3L52.5 71.4c-9.5-7.9-22.8-9.7-34.1-4.4S0 83.6 0 96V416c0 12.4 7.2 23.7 18.4 29z",
            ],
            "iconName": "forward-fast",
            "prefix": "fas",
          }
        }
        title="Next"
      >
        <div
          className="next"
          onClick={[Function]}
          onKeyPress={[Function]}
          role="button"
          tabIndex={0}
          title="Next"
        >
          <FontAwesomeIcon
            beat={false}
            beatFade={false}
            border={false}
            bounce={false}
            className=""
            fade={false}
            fixedWidth={false}
            flip={false}
            icon={
              Object {
                "icon": Array [
                  512,
                  512,
                  Array [
                    9197,
                    "fast-forward",
                  ],
                  "f050",
                  "M18.4 445c11.2 5.3 24.5 3.6 34.1-4.4L224 297.7V416c0 12.4 7.2 23.7 18.4 29s24.5 3.6 34.1-4.4L448 297.7V416c0 17.7 14.3 32 32 32s32-14.3 32-32V96c0-17.7-14.3-32-32-32s-32 14.3-32 32V214.3L276.5 71.4c-9.5-7.9-22.8-9.7-34.1-4.4S224 83.6 224 96V214.3L52.5 71.4c-9.5-7.9-22.8-9.7-34.1-4.4S0 83.6 0 96V416c0 12.4 7.2 23.7 18.4 29z",
                ],
                "iconName": "forward-fast",
                "prefix": "fas",
              }
            }
            inverse={false}
            listItem={false}
            mask={null}
            maskId={null}
            pull={null}
            pulse={false}
            rotation={null}
            shake={false}
            size={null}
            spin={false}
            spinPulse={false}
            spinReverse={false}
            swapOpacity={false}
            symbol={false}
            title=""
            titleId={null}
            transform={null}
          >
            <svg
              aria-hidden="true"
              className="svg-inline--fa fa-forward-fast "
              data-icon="forward-fast"
              data-prefix="fas"
              focusable="false"
              role="img"
              style={Object {}}
              viewBox="0 0 512 512"
              xmlns="http://www.w3.org/2000/svg"
            >
              <path
                d="M18.4 445c11.2 5.3 24.5 3.6 34.1-4.4L224 297.7V416c0 12.4 7.2 23.7 18.4 29s24.5 3.6 34.1-4.4L448 297.7V416c0 17.7 14.3 32 32 32s32-14.3 32-32V96c0-17.7-14.3-32-32-32s-32 14.3-32 32V214.3L276.5 71.4c-9.5-7.9-22.8-9.7-34.1-4.4S224 83.6 224 96V214.3L52.5 71.4c-9.5-7.9-22.8-9.7-34.1-4.4S0 83.6 0 96V416c0 12.4 7.2 23.7 18.4 29z"
                fill="currentColor"
                style={Object {}}
              />
            </svg>
          </FontAwesomeIcon>
        </div>
      </PlaybackControlButton>
    </div>
    <div
      className="actions"
    >
      <FontAwesomeIcon
        beat={false}
        beatFade={false}
        border={false}
        bounce={false}
        className=" disabled"
        fade={false}
        fixedWidth={false}
        flip={false}
        icon={
          Object {
            "icon": Array [
              512,
              512,
              Array [
                128153,
                128154,
                128155,
                128156,
                128420,
                129293,
                129294,
                129505,
                9829,
                10084,
                61578,
              ],
              "f004",
              "M47.6 300.4L228.3 469.1c7.5 7 17.4 10.9 27.7 10.9s20.2-3.9 27.7-10.9L464.4 300.4c30.4-28.3 47.6-68 47.6-109.5v-5.8c0-69.9-50.5-129.5-119.4-141C347 36.5 300.6 51.4 268 84L256 96 244 84c-32.6-32.6-79-47.5-124.6-39.9C50.5 55.6 0 115.2 0 185.1v5.8c0 41.5 17.2 81.2 47.6 109.5z",
            ],
            "iconName": "heart",
            "prefix": "fas",
          }
        }
        inverse={false}
        listItem={false}
        mask={null}
        maskId={null}
        pull={null}
        pulse={false}
        rotation={null}
        shake={false}
        size={null}
        spin={false}
        spinPulse={false}
        spinReverse={false}
        swapOpacity={false}
        symbol={false}
        title="Love"
        titleId={null}
        transform={null}
      >
        <svg
          aria-labelledby="svg-inline--fa-title-000000000000"
          className="svg-inline--fa fa-heart  disabled"
          data-icon="heart"
          data-prefix="fas"
          role="img"
          style={Object {}}
          viewBox="0 0 512 512"
          xmlns="http://www.w3.org/2000/svg"
        >
          <title
            id="svg-inline--fa-title-000000000000"
            style={Object {}}
          >
            Love
          </title>
          <path
            d="M47.6 300.4L228.3 469.1c7.5 7 17.4 10.9 27.7 10.9s20.2-3.9 27.7-10.9L464.4 300.4c30.4-28.3 47.6-68 47.6-109.5v-5.8c0-69.9-50.5-129.5-119.4-141C347 36.5 300.6 51.4 268 84L256 96 244 84c-32.6-32.6-79-47.5-124.6-39.9C50.5 55.6 0 115.2 0 185.1v5.8c0 41.5 17.2 81.2 47.6 109.5z"
            fill="currentColor"
            style={Object {}}
          />
        </svg>
      </FontAwesomeIcon>
      <FontAwesomeIcon
        beat={false}
        beatFade={false}
        border={false}
        bounce={false}
        className=" disabled"
        fade={false}
        fixedWidth={false}
        flip={false}
        icon={
          Object {
            "icon": Array [
              512,
              512,
              Array [
                128148,
                "heart-broken",
              ],
              "f7a9",
              "M119.4 44.1c23.3-3.9 46.8-1.9 68.6 5.3l49.8 77.5-75.4 75.4c-1.5 1.5-2.4 3.6-2.3 5.8s1 4.2 2.6 5.7l112 104c2.9 2.7 7.4 2.9 10.5 .3s3.8-7 1.7-10.4l-60.4-98.1 90.7-75.6c2.6-2.1 3.5-5.7 2.4-8.8L296.8 61.8c28.5-16.7 62.4-23.2 95.7-17.6C461.5 55.6 512 115.2 512 185.1v5.8c0 41.5-17.2 81.2-47.6 109.5L283.7 469.1c-7.5 7-17.4 10.9-27.7 10.9s-20.2-3.9-27.7-10.9L47.6 300.4C17.2 272.1 0 232.4 0 190.9v-5.8c0-69.9 50.5-129.5 119.4-141z",
            ],
            "iconName": "heart-crack",
            "prefix": "fas",
          }
        }
        inverse={false}
        listItem={false}
        mask={null}
        maskId={null}
        pull={null}
        pulse={false}
        rotation={null}
        shake={false}
        size={null}
        spin={false}
        spinPulse={false}
        spinReverse={false}
        swapOpacity={false}
        symbol={false}
        title="Hate"
        titleId={null}
        transform={null}
      >
        <svg
          aria-labelledby="svg-inline--fa-title-000000000000"
          className="svg-inline--fa fa-heart-crack  disabled"
          data-icon="heart-crack"
          data-prefix="fas"
          role="img"
          style={Object {}}
          viewBox="0 0 512 512"
          xmlns="http://www.w3.org/2000/svg"
        >
          <title
            id="svg-inline--fa-title-000000000000"
            style={Object {}}
          >
            Hate
          </title>
          <path
            d="M119.4 44.1c23.3-3.9 46.8-1.9 68.6 5.3l49.8 77.5-75.4 75.4c-1.5 1.5-2.4 3.6-2.3 5.8s1 4.2 2.6 5.7l112 104c2.9 2.7 7.4 2.9 10.5 .3s3.8-7 1.7-10.4l-60.4-98.1 90.7-75.6c2.6-2.1 3.5-5.7 2.4-8.8L296.8 61.8c28.5-16.7 62.4-23.2 95.7-17.6C461.5 55.6 512 115.2 512 185.1v5.8c0 41.5-17.2 81.2-47.6 109.5L283.7 469.1c-7.5 7-17.4 10.9-27.7 10.9s-20.2-3.9-27.7-10.9L47.6 300.4C17.2 272.1 0 232.4 0 190.9v-5.8c0-69.9 50.5-129.5 119.4-141z"
            fill="currentColor"
            style={Object {}}
          />
        </svg>
      </FontAwesomeIcon>
      <MenuOptions>
        <div
          aria-expanded={false}
          aria-haspopup="menu"
          aria-label="Actions menu"
          onClick={[Function]}
          onKeyDown={[Function]}
          role="button"
          tabIndex={0}
        >
          <FontAwesomeIcon
            aria-hidden="true"
            beat={false}
            beatFade={false}
            border={false}
            bounce={false}
            className=""
            fade={false}
            fixedWidth={false}
            flip={false}
            icon={
              Object {
                "icon": Array [
                  128,
                  512,
                  Array [
                    "ellipsis-v",
                  ],
                  "f142",
                  "M64 360a56 56 0 1 0 0 112 56 56 0 1 0 0-112zm0-160a56 56 0 1 0 0 112 56 56 0 1 0 0-112zM120 96A56 56 0 1 0 8 96a56 56 0 1 0 112 0z",
                ],
                "iconName": "ellipsis-vertical",
                "prefix": "fas",
              }
            }
            inverse={false}
            listItem={false}
            mask={null}
            maskId={null}
            pull={null}
            pulse={false}
            rotation={null}
            shake={false}
            size={null}
            spin={false}
            spinPulse={false}
            spinReverse={false}
            swapOpacity={false}
            symbol={false}
            title="More actions"
            titleId={null}
            transform={null}
          >
            <svg
              aria-hidden="true"
              aria-labelledby="svg-inline--fa-title-000000000000"
              className="svg-inline--fa fa-ellipsis-vertical "
              data-icon="ellipsis-vertical"
              data-prefix="fas"
              role="img"
              style={Object {}}
              viewBox="0 0 128 512"
              xmlns="http://www.w3.org/2000/svg"
            >
              <title
                id="svg-inline--fa-title-000000000000"
                style={Object {}}
              >
                More actions
              </title>
              <path
                d="M64 360a56 56 0 1 0 0 112 56 56 0 1 0 0-112zm0-160a56 56 0 1 0 0 112 56 56 0 1 0 0-112zM120 96A56 56 0 1 0 8 96a56 56 0 1 0 112 0z"
                fill="currentColor"
                style={Object {}}
              />
            </svg>
          </FontAwesomeIcon>
        </div>
      </MenuOptions>
    </div>
  </div>
</BrainzPlayerUI>
`;
