// Jest Snapshot v1, https://goo.gl/fbAQLP

exports[`YoutubePlayer renders 1`] = `
<YoutubePlayer
  handleError={[Function]}
  handleSuccess={[Function]}
  handleWarning={[Function]}
  onDurationChange={[Function]}
  onInvalidateDataSource={[Function]}
  onPlayerPausedChange={[Function]}
  onProgressChange={[Function]}
  onTrackEnd={[Function]}
  onTrackInfoChange={[Function]}
  onTrackNotFound={[Function]}
  playerPaused={false}
  refreshYoutubeToken={[Function]}
  show={true}
  youtubeUser={
    Object {
      "api_key": "fake-api-key",
    }
  }
>
  <Draggable
    allowAnyClick={false}
    axis="both"
    bounds={
      Object {
        "bottom": -10,
        "left": 370,
        "right": -10,
      }
    }
    defaultClassName="react-draggable"
    defaultClassNameDragged="react-draggable-dragged"
    defaultClassNameDragging="react-draggable-dragging"
    defaultPosition={
      Object {
        "x": 0,
        "y": 0,
      }
    }
    disabled={false}
    enableUserSelectHack={true}
    handle=".youtube-drag-handle"
    onDrag={[Function]}
    onMouseDown={[Function]}
    onStart={[Function]}
    onStop={[Function]}
    scale={1}
  >
    <DraggableCore
      allowAnyClick={false}
      disabled={false}
      enableUserSelectHack={true}
      handle=".youtube-drag-handle"
      onDrag={[Function]}
      onMouseDown={[Function]}
      onStart={[Function]}
      onStop={[Function]}
      scale={1}
    >
      <div
        className="youtube-wrapper react-draggable"
        onMouseDown={[Function]}
        onMouseUp={[Function]}
        onTouchEnd={[Function]}
        style={
          Object {
            "transform": "translate(0px,0px)",
          }
        }
        transform={null}
      >
        <button
          className="btn btn-sm youtube-drag-handle"
          type="button"
        >
          <FontAwesomeIcon
            beat={false}
            beatFade={false}
            border={false}
            bounce={false}
            className=""
            fade={false}
            fixedWidth={false}
            flip={false}
            icon={
              Object {
                "icon": Array [
                  512,
                  512,
                  Array [
                    "arrows-alt",
                  ],
                  "f0b2",
                  "M278.6 9.4c-12.5-12.5-32.8-12.5-45.3 0l-64 64c-9.2 9.2-11.9 22.9-6.9 34.9s16.6 19.8 29.6 19.8h32v96H128V192c0-12.9-7.8-24.6-19.8-29.6s-25.7-2.2-34.9 6.9l-64 64c-12.5 12.5-12.5 32.8 0 45.3l64 64c9.2 9.2 22.9 11.9 34.9 6.9s19.8-16.6 19.8-29.6V288h96v96H192c-12.9 0-24.6 7.8-29.6 19.8s-2.2 25.7 6.9 34.9l64 64c12.5 12.5 32.8 12.5 45.3 0l64-64c9.2-9.2 11.9-22.9 6.9-34.9s-16.6-19.8-29.6-19.8H288V288h96v32c0 12.9 7.8 24.6 19.8 29.6s25.7 2.2 34.9-6.9l64-64c12.5-12.5 12.5-32.8 0-45.3l-64-64c-9.2-9.2-22.9-11.9-34.9-6.9s-19.8 16.6-19.8 29.6v32H288V128h32c12.9 0 24.6-7.8 29.6-19.8s2.2-25.7-6.9-34.9l-64-64z",
                ],
                "iconName": "up-down-left-right",
                "prefix": "fas",
              }
            }
            inverse={false}
            listItem={false}
            mask={null}
            maskId={null}
            pull={null}
            pulse={false}
            rotation={null}
            shake={false}
            size={null}
            spin={false}
            spinPulse={false}
            spinReverse={false}
            swapOpacity={false}
            symbol={false}
            title=""
            titleId={null}
            transform={null}
          >
            <svg
              aria-hidden="true"
              className="svg-inline--fa fa-up-down-left-right "
              data-icon="up-down-left-right"
              data-prefix="fas"
              focusable="false"
              role="img"
              style={Object {}}
              viewBox="0 0 512 512"
              xmlns="http://www.w3.org/2000/svg"
            >
              <path
                d="M278.6 9.4c-12.5-12.5-32.8-12.5-45.3 0l-64 64c-9.2 9.2-11.9 22.9-6.9 34.9s16.6 19.8 29.6 19.8h32v96H128V192c0-12.9-7.8-24.6-19.8-29.6s-25.7-2.2-34.9 6.9l-64 64c-12.5 12.5-12.5 32.8 0 45.3l64 64c9.2 9.2 22.9 11.9 34.9 6.9s19.8-16.6 19.8-29.6V288h96v96H192c-12.9 0-24.6 7.8-29.6 19.8s-2.2 25.7 6.9 34.9l64 64c12.5 12.5 32.8 12.5 45.3 0l64-64c9.2-9.2 11.9-22.9 6.9-34.9s-16.6-19.8-29.6-19.8H288V288h96v32c0 12.9 7.8 24.6 19.8 29.6s25.7 2.2 34.9-6.9l64-64c12.5-12.5 12.5-32.8 0-45.3l-64-64c-9.2-9.2-22.9-11.9-34.9-6.9s-19.8 16.6-19.8 29.6v32H288V128h32c12.9 0 24.6-7.8 29.6-19.8s2.2-25.7-6.9-34.9l-64-64z"
                fill="currentColor"
                style={Object {}}
              />
            </svg>
          </FontAwesomeIcon>
        </button>
        <YouTube
          className="youtube-player"
          containerClassName=""
          id={null}
          onEnd={[Function]}
          onError={[Function]}
          onPause={[Function]}
          onPlay={[Function]}
          onPlaybackQualityChange={[Function]}
          onPlaybackRateChange={[Function]}
          onReady={[Function]}
          onStateChange={[Function]}
          opts={
            Object {
              "height": "100%",
              "playerVars": Object {
                "controls": 0,
                "fs": 0,
                "iv_load_policy": 3,
                "modestbranding": 1,
                "origin": "http://localhost",
                "rel": 0,
                "showinfo": 0,
              },
              "width": "100%",
            }
          }
          videoId={null}
        >
          <div
            className=""
          >
            <div
              className="youtube-player"
              id={null}
            />
          </div>
        </YouTube>
      </div>
    </DraggableCore>
  </Draggable>
</YoutubePlayer>
`;
