// Jest Snapshot v1, https://goo.gl/fbAQLP

exports[`PlaylistPage renders correctly 1`] = `"<div role=\\"main\\"><div class=\\"row\\"><div id=\\"playlist\\" class=\\"col-md-8 col-md-offset-2\\"><div class=\\"playlist-details row\\"><h1 class=\\"title\\"><div>1980s flashback jams<span class=\\"dropdown pull-right\\"><button class=\\"btn btn-info dropdown-toggle\\" type=\\"button\\" id=\\"playlistOptionsDropdown\\" data-toggle=\\"dropdown\\" aria-haspopup=\\"true\\" aria-expanded=\\"true\\"><svg aria-labelledby=\\"svg-inline--fa-title-000000000000\\" data-prefix=\\"fas\\" data-icon=\\"gear\\" class=\\"svg-inline--fa fa-gear \\" role=\\"img\\" xmlns=\\"http://www.w3.org/2000/svg\\" viewBox=\\"0 0 512 512\\"><title id=\\"svg-inline--fa-title-000000000000\\">Options</title><path fill=\\"currentColor\\" d=\\"M495.9 166.6c3.2 8.7 .5 18.4-6.4 24.6l-43.3 39.4c1.1 8.3 1.7 16.8 1.7 25.4s-.6 17.1-1.7 25.4l43.3 39.4c6.9 6.2 9.6 15.9 6.4 24.6c-4.4 11.9-9.7 23.3-15.8 34.3l-4.7 8.1c-6.6 11-14 21.4-22.1 31.2c-5.9 7.2-15.7 9.6-24.5 6.8l-55.7-17.7c-13.4 10.3-28.2 18.9-44 25.4l-12.5 57.1c-2 9.1-9 16.3-18.2 17.8c-13.8 2.3-28 3.5-42.5 3.5s-28.7-1.2-42.5-3.5c-9.2-1.5-16.2-8.7-18.2-17.8l-12.5-57.1c-15.8-6.5-30.6-15.1-44-25.4L83.1 425.9c-8.8 2.8-18.6 .3-24.5-6.8c-8.1-9.8-15.5-20.2-22.1-31.2l-4.7-8.1c-6.1-11-11.4-22.4-15.8-34.3c-3.2-8.7-.5-18.4 6.4-24.6l43.3-39.4C64.6 273.1 64 264.6 64 256s.6-17.1 1.7-25.4L22.4 191.2c-6.9-6.2-9.6-15.9-6.4-24.6c4.4-11.9 9.7-23.3 15.8-34.3l4.7-8.1c6.6-11 14-21.4 22.1-31.2c5.9-7.2 15.7-9.6 24.5-6.8l55.7 17.7c13.4-10.3 28.2-18.9 44-25.4l12.5-57.1c2-9.1 9-16.3 18.2-17.8C227.3 1.2 241.5 0 256 0s28.7 1.2 42.5 3.5c9.2 1.5 16.2 8.7 18.2 17.8l12.5 57.1c15.8 6.5 30.6 15.1 44 25.4l55.7-17.7c8.8-2.8 18.6-.3 24.5 6.8c8.1 9.8 15.5 20.2 22.1 31.2l4.7 8.1c6.1 11 11.4 22.4 15.8 34.3zM256 336a80 80 0 1 0 0-160 80 80 0 1 0 0 160z\\"></path></svg>&nbsp;Options</button><ul class=\\"dropdown-menu dropdown-menu-right\\" aria-labelledby=\\"playlistOptionsDropdown\\"><li><a role=\\"button\\" href=\\"#\\">Duplicate</a></li><li role=\\"separator\\" class=\\"divider\\"></li><li><a data-toggle=\\"modal\\" data-target=\\"#playlistModal\\" role=\\"button\\" href=\\"#\\"><svg aria-hidden=\\"true\\" focusable=\\"false\\" data-prefix=\\"fas\\" data-icon=\\"pen\\" class=\\"svg-inline--fa fa-pen \\" role=\\"img\\" xmlns=\\"http://www.w3.org/2000/svg\\" viewBox=\\"0 0 512 512\\"><path fill=\\"currentColor\\" d=\\"M362.7 19.3L314.3 67.7 444.3 197.7l48.4-48.4c25-25 25-65.5 0-90.5L453.3 19.3c-25-25-65.5-25-90.5 0zm-71 71L58.6 323.5c-10.4 10.4-18 23.3-22.2 37.4L1 481.2C-1.5 489.7 .8 498.8 7 505s15.3 8.5 23.7 6.1l120.3-35.4c14.1-4.2 27-11.8 37.4-22.2L421.7 220.3 291.7 90.3z\\"></path></svg> Edit</a></li><li><a data-toggle=\\"modal\\" data-target=\\"#confirmDeleteModal\\" role=\\"button\\" href=\\"#\\"><svg aria-hidden=\\"true\\" focusable=\\"false\\" data-prefix=\\"fas\\" data-icon=\\"trash-can\\" class=\\"svg-inline--fa fa-trash-can \\" role=\\"img\\" xmlns=\\"http://www.w3.org/2000/svg\\" viewBox=\\"0 0 448 512\\"><path fill=\\"currentColor\\" d=\\"M135.2 17.7C140.6 6.8 151.7 0 163.8 0H284.2c12.1 0 23.2 6.8 28.6 17.7L320 32h96c17.7 0 32 14.3 32 32s-14.3 32-32 32H32C14.3 96 0 81.7 0 64S14.3 32 32 32h96l7.2-14.3zM32 128H416V448c0 35.3-28.7 64-64 64H96c-35.3 0-64-28.7-64-64V128zm96 64c-8.8 0-16 7.2-16 16V432c0 8.8 7.2 16 16 16s16-7.2 16-16V208c0-8.8-7.2-16-16-16zm96 0c-8.8 0-16 7.2-16 16V432c0 8.8 7.2 16 16 16s16-7.2 16-16V208c0-8.8-7.2-16-16-16zm96 0c-8.8 0-16 7.2-16 16V432c0 8.8 7.2 16 16 16s16-7.2 16-16V208c0-8.8-7.2-16-16-16z\\"></path></svg> Delete</a></li><li role=\\"separator\\" class=\\"divider\\"></li><li><a id=\\"exportPlaylistToJSPF\\" role=\\"button\\" href=\\"#\\"><svg aria-hidden=\\"true\\" focusable=\\"false\\" data-prefix=\\"fas\\" data-icon=\\"file-export\\" class=\\"svg-inline--fa fa-file-export \\" role=\\"img\\" xmlns=\\"http://www.w3.org/2000/svg\\" viewBox=\\"0 0 576 512\\"><path fill=\\"currentColor\\" d=\\"M0 64C0 28.7 28.7 0 64 0H224V128c0 17.7 14.3 32 32 32H384V288H216c-13.3 0-24 10.7-24 24s10.7 24 24 24H384V448c0 35.3-28.7 64-64 64H64c-35.3 0-64-28.7-64-64V64zM384 336V288H494.1l-39-39c-9.4-9.4-9.4-24.6 0-33.9s24.6-9.4 33.9 0l80 80c9.4 9.4 9.4 24.6 0 33.9l-80 80c-9.4 9.4-24.6 9.4-33.9 0s-9.4-24.6 0-33.9l39-39H384zm0-208H256V0L384 128z\\"></path></svg> Export as JSPF</a></li></ul></span></div><small>Public playlist by <a href=\\"/user/iliekcomputers/playlists\\">iliekcomputers</a></small></h1><div class=\\"info\\"><div>1 tracks</div><div>Created: 1/4/2021, 2:43:58 PM</div><div>Last modified: 1/18/2021, 4:44:22 PM</div></div><div>Your lame <i>80s</i> music</div><hr></div><div id=\\"listens row\\"><div><div class=\\"card listen-card   playlist-item-card\\" data-recording-mbid=\\"385f4381-0f6d-47a0-bc56-07570374f650\\"><div class=\\"main-content\\"><div class=\\"drag-handle text-muted\\"><svg aria-labelledby=\\"svg-inline--fa-title-000000000000\\" data-prefix=\\"fas\\" data-icon=\\"grip-lines\\" class=\\"svg-inline--fa fa-grip-lines \\" role=\\"img\\" xmlns=\\"http://www.w3.org/2000/svg\\" viewBox=\\"0 0 448 512\\"><title id=\\"svg-inline--fa-title-000000000000\\">Drag to reorder</title><path fill=\\"currentColor\\" d=\\"M32 288c-17.7 0-32 14.3-32 32s14.3 32 32 32l384 0c17.7 0 32-14.3 32-32s-14.3-32-32-32L32 288zm0-128c-17.7 0-32 14.3-32 32s14.3 32 32 32l384 0c17.7 0 32-14.3 32-32s-14.3-32-32-32L32 160z\\"></path></svg></div><a href=\\"https://musicbrainz.org/recording/385f4381-0f6d-47a0-bc56-07570374f650\\" title=\\"Could not load cover art. Open in MusicBrainz\\" target=\\"_blank\\" rel=\\"noopener noreferrer\\" class=\\"listen-thumbnail\\"><div class=\\"cover-art-fallback\\"><span class=\\"fa-layers fa-fw\\"><svg aria-hidden=\\"true\\" focusable=\\"false\\" data-prefix=\\"fas\\" data-icon=\\"image\\" class=\\"svg-inline--fa fa-image \\" role=\\"img\\" xmlns=\\"http://www.w3.org/2000/svg\\" viewBox=\\"0 0 512 512\\"><path fill=\\"currentColor\\" d=\\"M0 96C0 60.7 28.7 32 64 32H448c35.3 0 64 28.7 64 64V416c0 35.3-28.7 64-64 64H64c-35.3 0-64-28.7-64-64V96zM323.8 202.5c-4.5-6.6-11.9-10.5-19.8-10.5s-15.4 3.9-19.8 10.5l-87 127.6L170.7 297c-4.6-5.7-11.5-9-18.7-9s-14.2 3.3-18.7 9l-64 80c-5.8 7.2-6.9 17.1-2.9 25.4s12.4 13.6 21.6 13.6h96 32H424c8.9 0 17.1-4.9 21.2-12.8s3.6-17.4-1.4-24.7l-120-176zM112 192a48 48 0 1 0 0-96 48 48 0 1 0 0 96z\\"></path></svg><svg aria-hidden=\\"true\\" focusable=\\"false\\" data-prefix=\\"fas\\" data-icon=\\"square\\" class=\\"svg-inline--fa fa-square \\" role=\\"img\\" xmlns=\\"http://www.w3.org/2000/svg\\" viewBox=\\"0 0 448 512\\" style=\\"transform-origin: 0.125em 0.34375em;\\"><g transform=\\"translate(224 256)\\"><g transform=\\"translate(-160, -80)  scale(0.375, 0.375)  rotate(0 0 0)\\"><path fill=\\"currentColor\\" d=\\"M0 96C0 60.7 28.7 32 64 32H384c35.3 0 64 28.7 64 64V416c0 35.3-28.7 64-64 64H64c-35.3 0-64-28.7-64-64V96z\\" transform=\\"translate(-224 -256)\\"></path></g></g></svg></span></div></a><div class=\\"listen-details\\"><div class=\\"title-duration\\"><div title=\\"Vibe Killer\\" class=\\"ellipsis-2-lines\\"><a href=\\"https://musicbrainz.org/recording/385f4381-0f6d-47a0-bc56-07570374f650\\" target=\\"_blank\\" rel=\\"noopener noreferrer\\">Vibe Killer</a></div></div><div class=\\"small text-muted ellipsis\\" title=\\"Endless Boogie\\"><a href=\\"https://musicbrainz.org/artist/bded3a41-acd7-42ff-9402-cb59e35be8f4\\" target=\\"_blank\\" rel=\\"noopener noreferrer\\">Endless Boogie</a></div></div><div class=\\"right-section\\"><div class=\\"username-and-timestamp\\"><a href=\\"/user/troi-bot\\" target=\\"_blank\\" rel=\\"noopener noreferrer\\" title=\\"troi-bot\\">troi-bot</a><span class=\\"listen-time\\" title=\\"Thursday, December 24, 2020 at 1:41:44 AM GMT\\">Dec 24, 2020, 1:41 AM</span></div><div class=\\"listen-controls\\"><svg aria-labelledby=\\"svg-inline--fa-title-000000000000\\" data-prefix=\\"fas\\" data-icon=\\"heart\\" class=\\"svg-inline--fa fa-heart \\" role=\\"img\\" xmlns=\\"http://www.w3.org/2000/svg\\" viewBox=\\"0 0 512 512\\"><title id=\\"svg-inline--fa-title-000000000000\\">Love</title><path fill=\\"currentColor\\" d=\\"M47.6 300.4L228.3 469.1c7.5 7 17.4 10.9 27.7 10.9s20.2-3.9 27.7-10.9L464.4 300.4c30.4-28.3 47.6-68 47.6-109.5v-5.8c0-69.9-50.5-129.5-119.4-141C347 36.5 300.6 51.4 268 84L256 96 244 84c-32.6-32.6-79-47.5-124.6-39.9C50.5 55.6 0 115.2 0 185.1v5.8c0 41.5 17.2 81.2 47.6 109.5z\\"></path></svg><svg aria-labelledby=\\"svg-inline--fa-title-000000000000\\" data-prefix=\\"fas\\" data-icon=\\"heart-crack\\" class=\\"svg-inline--fa fa-heart-crack \\" role=\\"img\\" xmlns=\\"http://www.w3.org/2000/svg\\" viewBox=\\"0 0 512 512\\"><title id=\\"svg-inline--fa-title-000000000000\\">Hate</title><path fill=\\"currentColor\\" d=\\"M119.4 44.1c23.3-3.9 46.8-1.9 68.6 5.3l49.8 77.5-75.4 75.4c-1.5 1.5-2.4 3.6-2.3 5.8s1 4.2 2.6 5.7l112 104c2.9 2.7 7.4 2.9 10.5 .3s3.8-7 1.7-10.4l-60.4-98.1 90.7-75.6c2.6-2.1 3.5-5.7 2.4-8.8L296.8 61.8c28.5-16.7 62.4-23.2 95.7-17.6C461.5 55.6 512 115.2 512 185.1v5.8c0 41.5-17.2 81.2-47.6 109.5L283.7 469.1c-7.5 7-17.4 10.9-27.7 10.9s-20.2-3.9-27.7-10.9L47.6 300.4C17.2 272.1 0 232.4 0 190.9v-5.8c0-69.9 50.5-129.5 119.4-141z\\"></path></svg><svg aria-labelledby=\\"svg-inline--fa-title-000000000000\\" data-prefix=\\"fas\\" data-icon=\\"ellipsis-vertical\\" class=\\"svg-inline--fa fa-ellipsis-vertical dropdown-toggle\\" role=\\"img\\" xmlns=\\"http://www.w3.org/2000/svg\\" viewBox=\\"0 0 128 512\\" id=\\"listenControlsDropdown\\" data-toggle=\\"dropdown\\" aria-haspopup=\\"true\\" aria-expanded=\\"true\\"><title id=\\"svg-inline--fa-title-000000000000\\">More actions</title><path fill=\\"currentColor\\" d=\\"M64 360a56 56 0 1 0 0 112 56 56 0 1 0 0-112zm0-160a56 56 0 1 0 0 112 56 56 0 1 0 0-112zM120 96A56 56 0 1 0 8 96a56 56 0 1 0 112 0z\\"></path></svg><ul class=\\"dropdown-menu dropdown-menu-right\\" aria-labelledby=\\"listenControlsDropdown\\"><a href=\\"https://musicbrainz.org/recording/385f4381-0f6d-47a0-bc56-07570374f650\\" aria-label=\\"Open in MusicBrainz\\" title=\\"Open in MusicBrainz\\" target=\\"_blank\\" rel=\\"noopener noreferrer\\"><svg aria-hidden=\\"true\\" focusable=\\"false\\" data-prefix=\\"fas\\" data-icon=\\"up-right-from-square\\" class=\\"svg-inline--fa fa-up-right-from-square \\" role=\\"img\\" xmlns=\\"http://www.w3.org/2000/svg\\" viewBox=\\"0 0 512 512\\"><path fill=\\"currentColor\\" d=\\"M352 0c-12.9 0-24.6 7.8-29.6 19.8s-2.2 25.7 6.9 34.9L370.7 96 201.4 265.4c-12.5 12.5-12.5 32.8 0 45.3s32.8 12.5 45.3 0L416 141.3l41.4 41.4c9.2 9.2 22.9 11.9 34.9 6.9s19.8-16.6 19.8-29.6V32c0-17.7-14.3-32-32-32H352zM80 32C35.8 32 0 67.8 0 112V432c0 44.2 35.8 80 80 80H400c44.2 0 80-35.8 80-80V320c0-17.7-14.3-32-32-32s-32 14.3-32 32V432c0 8.8-7.2 16-16 16H80c-8.8 0-16-7.2-16-16V112c0-8.8 7.2-16 16-16H192c17.7 0 32-14.3 32-32s-14.3-32-32-32H80z\\"></path></svg>&nbsp;Open in MusicBrainz</a><button title=\\"Pin this track\\" type=\\"button\\" data-toggle=\\"modal\\" data-target=\\"#PinRecordingModal\\" aria-label=\\"Pin this track\\" role=\\"menuitem\\"><svg aria-hidden=\\"true\\" focusable=\\"false\\" data-prefix=\\"fas\\" data-icon=\\"thumbtack\\" class=\\"svg-inline--fa fa-thumbtack \\" role=\\"img\\" xmlns=\\"http://www.w3.org/2000/svg\\" viewBox=\\"0 0 384 512\\"><path fill=\\"currentColor\\" d=\\"M32 32C32 14.3 46.3 0 64 0H320c17.7 0 32 14.3 32 32s-14.3 32-32 32H290.5l11.4 148.2c36.7 19.9 65.7 53.2 79.5 94.7l1 3c3.3 9.8 1.6 20.5-4.4 28.8s-15.7 13.3-26 13.3H32c-10.3 0-19.9-4.9-26-13.3s-7.7-19.1-4.4-28.8l1-3c13.8-41.5 42.8-74.8 79.5-94.7L93.5 64H64C46.3 64 32 49.7 32 32zM160 384h64v96c0 17.7-14.3 32-32 32s-32-14.3-32-32V384z\\"></path></svg> Pin this track</button><button title=\\"Recommend to my followers\\" type=\\"button\\" aria-label=\\"Recommend to my followers\\" role=\\"menuitem\\"><svg aria-hidden=\\"true\\" focusable=\\"false\\" data-prefix=\\"fas\\" data-icon=\\"comment-dots\\" class=\\"svg-inline--fa fa-comment-dots \\" role=\\"img\\" xmlns=\\"http://www.w3.org/2000/svg\\" viewBox=\\"0 0 512 512\\"><path fill=\\"currentColor\\" d=\\"M256 448c141.4 0 256-93.1 256-208S397.4 32 256 32S0 125.1 0 240c0 45.1 17.7 86.8 47.7 120.9c-1.9 24.5-11.4 46.3-21.4 62.9c-5.5 9.2-11.1 16.6-15.2 21.6c-2.1 2.5-3.7 4.4-4.9 5.7c-.6 .6-1 1.1-1.3 1.4l-.3 .3 0 0 0 0 0 0 0 0c-4.6 4.6-5.9 11.4-3.4 17.4c2.5 6 8.3 9.9 14.8 9.9c28.7 0 57.6-8.9 81.6-19.3c22.9-10 42.4-21.9 54.3-30.6c31.8 11.5 67 17.9 104.1 17.9zM128 208a32 32 0 1 1 0 64 32 32 0 1 1 0-64zm128 0a32 32 0 1 1 0 64 32 32 0 1 1 0-64zm96 32a32 32 0 1 1 64 0 32 32 0 1 1 -64 0z\\"></path></svg> Recommend to my followers</button><button title=\\"Personally recommend\\" type=\\"button\\" data-toggle=\\"modal\\" data-target=\\"#PersonalRecommendationModal\\" aria-label=\\"Personally recommend\\" role=\\"menuitem\\"><svg aria-hidden=\\"true\\" focusable=\\"false\\" data-prefix=\\"fas\\" data-icon=\\"paper-plane\\" class=\\"svg-inline--fa fa-paper-plane \\" role=\\"img\\" xmlns=\\"http://www.w3.org/2000/svg\\" viewBox=\\"0 0 512 512\\"><path fill=\\"currentColor\\" d=\\"M498.1 5.6c10.1 7 15.4 19.1 13.5 31.2l-64 416c-1.5 9.7-7.4 18.2-16 23s-18.9 5.4-28 1.6L284 427.7l-68.5 74.1c-8.9 9.7-22.9 12.9-35.2 8.1S160 493.2 160 480V396.4c0-4 1.5-7.8 4.2-10.7L331.8 202.8c5.8-6.3 5.6-16-.4-22s-15.7-6.4-22-.7L106 360.8 17.7 316.6C7.1 311.3 .3 300.7 0 288.9s5.9-22.8 16.1-28.7l448-256c10.7-6.1 23.9-5.5 34 1.4z\\"></path></svg> Personally recommend</button><button title=\\"Write a review\\" type=\\"button\\" data-toggle=\\"modal\\" data-target=\\"#CBReviewModal\\" aria-label=\\"Write a review\\" role=\\"menuitem\\"><svg aria-hidden=\\"true\\" focusable=\\"false\\" data-prefix=\\"fas\\" data-icon=\\"pencil\\" class=\\"svg-inline--fa fa-pencil \\" role=\\"img\\" xmlns=\\"http://www.w3.org/2000/svg\\" viewBox=\\"0 0 512 512\\"><path fill=\\"currentColor\\" d=\\"M410.3 231l11.3-11.3-33.9-33.9-62.1-62.1L291.7 89.8l-11.3 11.3-22.6 22.6L58.6 322.9c-10.4 10.4-18 23.3-22.2 37.4L1 480.7c-2.5 8.4-.2 17.5 6.1 23.7s15.3 8.5 23.7 6.1l120.3-35.4c14.1-4.2 27-11.8 37.4-22.2L387.7 253.7 410.3 231zM160 399.4l-9.1 22.7c-4 3.1-8.5 5.4-13.3 6.9L59.4 452l23-78.1c1.4-4.9 3.8-9.4 6.9-13.3l22.7-9.1v32c0 8.8 7.2 16 16 16h32zM362.7 18.7L348.3 33.2 325.7 55.8 314.3 67.1l33.9 33.9 62.1 62.1 33.9 33.9 11.3-11.3 22.6-22.6 14.5-14.5c25-25 25-65.5 0-90.5L453.3 18.7c-25-25-65.5-25-90.5 0zm-47.4 168l-144 144c-6.2 6.2-16.4 6.2-22.6 0s-6.2-16.4 0-22.6l144-144c6.2-6.2 16.4-6.2 22.6 0s6.2 16.4 0 22.6z\\"></path></svg> Write a review</button><button title=\\"Remove from playlist\\" type=\\"button\\" aria-label=\\"Remove from playlist\\" role=\\"menuitem\\"><svg aria-hidden=\\"true\\" focusable=\\"false\\" data-prefix=\\"fas\\" data-icon=\\"circle-minus\\" class=\\"svg-inline--fa fa-circle-minus \\" role=\\"img\\" xmlns=\\"http://www.w3.org/2000/svg\\" viewBox=\\"0 0 512 512\\"><path fill=\\"currentColor\\" d=\\"M256 512A256 256 0 1 0 256 0a256 256 0 1 0 0 512zM184 232H328c13.3 0 24 10.7 24 24s-10.7 24-24 24H184c-13.3 0-24-10.7-24-24s10.7-24 24-24z\\"></path></svg> Remove from playlist</button><button title=\\"Inspect listen\\" type=\\"button\\" data-toggle=\\"modal\\" data-target=\\"#ListenPayloadModal\\" aria-label=\\"Inspect listen\\" role=\\"menuitem\\"><svg aria-hidden=\\"true\\" focusable=\\"false\\" data-prefix=\\"fas\\" data-icon=\\"code\\" class=\\"svg-inline--fa fa-code \\" role=\\"img\\" xmlns=\\"http://www.w3.org/2000/svg\\" viewBox=\\"0 0 640 512\\"><path fill=\\"currentColor\\" d=\\"M392.8 1.2c-17-4.9-34.7 5-39.6 22l-128 448c-4.9 17 5 34.7 22 39.6s34.7-5 39.6-22l128-448c4.9-17-5-34.7-22-39.6zm80.6 120.1c-12.5 12.5-12.5 32.8 0 45.3L562.7 256l-89.4 89.4c-12.5 12.5-12.5 32.8 0 45.3s32.8 12.5 45.3 0l112-112c12.5-12.5 12.5-32.8 0-45.3l-112-112c-12.5-12.5-32.8-12.5-45.3 0zm-306.7 0c-12.5-12.5-32.8-12.5-45.3 0l-112 112c-12.5 12.5-12.5 32.8 0 45.3l112 112c12.5 12.5 32.8 12.5 45.3 0s12.5-32.8 0-45.3L77.3 256l89.4-89.4c12.5-12.5 12.5-32.8 0-45.3z\\"></path></svg> Inspect listen</button></ul><button title=\\"Play\\" class=\\"btn-transparent play-button\\" type=\\"button\\"><svg aria-hidden=\\"true\\" focusable=\\"false\\" data-prefix=\\"far\\" data-icon=\\"circle-play\\" class=\\"svg-inline--fa fa-circle-play fa-2x \\" role=\\"img\\" xmlns=\\"http://www.w3.org/2000/svg\\" viewBox=\\"0 0 512 512\\"><path fill=\\"currentColor\\" d=\\"M464 256A208 208 0 1 0 48 256a208 208 0 1 0 416 0zM0 256a256 256 0 1 1 512 0A256 256 0 1 1 0 256zM188.3 147.1c7.6-4.2 16.8-4.1 24.3 .5l144 88c7.1 4.4 11.5 12.1 11.5 20.5s-4.4 16.1-11.5 20.5l-144 88c-7.4 4.5-16.7 4.7-24.3 .5s-12.3-12.2-12.3-20.9V168c0-8.7 4.7-16.7 12.3-20.9z\\"></path></svg></button></div></div></div></div></div><div class=\\"card listen-card row\\" id=\\"add-track\\"><span><svg aria-hidden=\\"true\\" focusable=\\"false\\" data-prefix=\\"fas\\" data-icon=\\"circle-plus\\" class=\\"svg-inline--fa fa-circle-plus \\" role=\\"img\\" xmlns=\\"http://www.w3.org/2000/svg\\" viewBox=\\"0 0 512 512\\"><path fill=\\"currentColor\\" d=\\"M256 512A256 256 0 1 0 256 0a256 256 0 1 0 0 512zM232 344V280H168c-13.3 0-24-10.7-24-24s10.7-24 24-24h64V168c0-13.3 10.7-24 24-24s24 10.7 24 24v64h64c13.3 0 24 10.7 24 24s-10.7 24-24 24H280v64c0 13.3-10.7 24-24 24s-24-10.7-24-24z\\"></path></svg>&nbsp;&nbsp;Add a track</span></div></div><div class=\\"modal fade\\" id=\\"playlistModal\\" tabindex=\\"-1\\" role=\\"dialog\\" aria-labelledby=\\"playlistModalLabel\\"><div class=\\"modal-dialog\\" role=\\"document\\"><form class=\\"modal-content\\"><div class=\\"modal-header\\"><button type=\\"button\\" class=\\"close\\" data-dismiss=\\"modal\\" aria-label=\\"Close\\"><span aria-hidden=\\"true\\">×</span></button><h4 class=\\"modal-title\\" id=\\"playlistModalLabel\\">Edit playlist</h4></div><div class=\\"modal-body\\"><div class=\\"form-group\\"><label for=\\"playlistName\\">Name</label><input type=\\"text\\" class=\\"form-control\\" id=\\"playlistName\\" placeholder=\\"Name\\" name=\\"name\\" value=\\"1980s flashback jams\\"></div><div class=\\"form-group\\"><label for=\\"playlistdescription\\">Description</label><textarea class=\\"form-control\\" id=\\"playlistdescription\\" placeholder=\\"Description\\" name=\\"description\\">Your lame &lt;i&gt;80s&lt;/i&gt; music</textarea></div><div class=\\"checkbox\\"><label><input id=\\"isPublic\\" type=\\"checkbox\\" name=\\"isPublic\\" checked=\\"\\">&nbsp;Make playlist public</label></div><div class=\\"form-group\\"><div><label style=\\"display: block;\\">Collaborators</label></div><input id=\\"user-name-search\\" type=\\"text\\" class=\\"form-control\\" name=\\"newUser\\" placeholder=\\"Add collaborator\\" aria-haspopup=\\"false\\" value=\\"\\"><div class=\\"search-dropdown\\"></div></div></div><div class=\\"modal-footer\\"><button type=\\"button\\" class=\\"btn btn-default\\" data-dismiss=\\"modal\\">Cancel</button><button type=\\"submit\\" class=\\"btn btn-primary\\" data-dismiss=\\"modal\\">Save</button></div></form></div></div><div class=\\"modal fade\\" id=\\"confirmDeleteModal\\" tabindex=\\"-1\\" role=\\"dialog\\" aria-labelledby=\\"confirmDeleteModalLabel\\"><div class=\\"modal-dialog modal-sm\\" role=\\"document\\"><div class=\\"modal-content\\"><div class=\\"modal-header\\"><button type=\\"button\\" class=\\"close\\" data-dismiss=\\"modal\\" aria-label=\\"Close\\"><span aria-hidden=\\"true\\">×</span></button><h4 class=\\"modal-title\\" id=\\"confirmDeleteModalLabel\\">Delete playlist</h4></div><div class=\\"modal-body\\">You are about to delete playlist <i>1980s flashback jams</i>.<br>This action cannot be undone.</div><div class=\\"modal-footer\\"><button type=\\"button\\" class=\\"btn btn-default\\" data-dismiss=\\"modal\\">Cancel</button><button type=\\"button\\" class=\\"btn btn-danger\\" data-dismiss=\\"modal\\">Confirm</button></div></div></div></div></div><div><div id=\\"brainz-player\\" aria-label=\\"Playback control\\"><div class=\\"progress hidden\\" aria-label=\\"Audio progress control\\" role=\\"progressbar\\" aria-valuemin=\\"0\\" aria-valuemax=\\"100\\" aria-valuenow=\\"NaN\\" tabindex=\\"0\\" data-tip=\\"0:00\\"><div class=\\"progress-bar\\"></div>This is a mocked react-tooltip component.</div><div class=\\"content\\"><div class=\\"cover-art\\"><div class=\\"no-album-art\\"></div><div class=\\"youtube-wrapper hidden react-draggable\\" style=\\"transform: translate(0px,0px);\\"><button class=\\"btn btn-sm youtube-drag-handle\\" type=\\"button\\"><svg aria-hidden=\\"true\\" focusable=\\"false\\" data-prefix=\\"fas\\" data-icon=\\"up-down-left-right\\" class=\\"svg-inline--fa fa-up-down-left-right \\" role=\\"img\\" xmlns=\\"http://www.w3.org/2000/svg\\" viewBox=\\"0 0 512 512\\"><path fill=\\"currentColor\\" d=\\"M278.6 9.4c-12.5-12.5-32.8-12.5-45.3 0l-64 64c-9.2 9.2-11.9 22.9-6.9 34.9s16.6 19.8 29.6 19.8h32v96H128V192c0-12.9-7.8-24.6-19.8-29.6s-25.7-2.2-34.9 6.9l-64 64c-12.5 12.5-12.5 32.8 0 45.3l64 64c9.2 9.2 22.9 11.9 34.9 6.9s19.8-16.6 19.8-29.6V288h96v96H192c-12.9 0-24.6 7.8-29.6 19.8s-2.2 25.7 6.9 34.9l64 64c12.5 12.5 32.8 12.5 45.3 0l64-64c9.2-9.2 11.9-22.9 6.9-34.9s-16.6-19.8-29.6-19.8H288V288h96v32c0 12.9 7.8 24.6 19.8 29.6s25.7 2.2 34.9-6.9l64-64c12.5-12.5 12.5-32.8 0-45.3l-64-64c-9.2-9.2-22.9-11.9-34.9-6.9s-19.8 16.6-19.8 29.6v32H288V128h32c12.9 0 24.6-7.8 29.6-19.8s2.2-25.7-6.9-34.9l-64-64z\\"></path></svg></button><div class=\\"\\"><div class=\\"youtube-player\\"></div></div></div><div class=\\"soundcloud hidden\\"><iframe id=\\"soundcloud-iframe\\" title=\\"Soundcloud player\\" width=\\"100%\\" height=\\"420px\\" style=\\"display: none;\\" scrolling=\\"no\\" frameborder=\\"no\\" allow=\\"autoplay\\" src=\\"https://w.soundcloud.com/player/?auto_play=false\\"></iframe><div></div></div></div><div class=\\"\\"></div></div><div class=\\"controls\\"><div class=\\"previous\\" title=\\"Previous\\" role=\\"button\\" tabindex=\\"0\\"><svg aria-hidden=\\"true\\" focusable=\\"false\\" data-prefix=\\"fas\\" data-icon=\\"backward-fast\\" class=\\"svg-inline--fa fa-backward-fast \\" role=\\"img\\" xmlns=\\"http://www.w3.org/2000/svg\\" viewBox=\\"0 0 512 512\\"><path fill=\\"currentColor\\" d=\\"M493.6 445c-11.2 5.3-24.5 3.6-34.1-4.4L288 297.7V416c0 12.4-7.2 23.7-18.4 29s-24.5 3.6-34.1-4.4L64 297.7V416c0 17.7-14.3 32-32 32s-32-14.3-32-32V96C0 78.3 14.3 64 32 64s32 14.3 32 32V214.3L235.5 71.4c9.5-7.9 22.8-9.7 34.1-4.4S288 83.6 288 96V214.3L459.5 71.4c9.5-7.9 22.8-9.7 34.1-4.4S512 83.6 512 96V416c0 12.4-7.2 23.7-18.4 29z\\"></path></svg></div><div class=\\"play\\" title=\\"Play\\" role=\\"button\\" tabindex=\\"0\\"><svg aria-hidden=\\"true\\" focusable=\\"false\\" data-prefix=\\"fas\\" data-icon=\\"circle-play\\" class=\\"svg-inline--fa fa-circle-play fa-2x \\" role=\\"img\\" xmlns=\\"http://www.w3.org/2000/svg\\" viewBox=\\"0 0 512 512\\"><path fill=\\"currentColor\\" d=\\"M0 256a256 256 0 1 1 512 0A256 256 0 1 1 0 256zM188.3 147.1c-7.6 4.2-12.3 12.3-12.3 20.9V344c0 8.7 4.7 16.7 12.3 20.9s16.8 4.1 24.3-.5l144-88c7.1-4.4 11.5-12.1 11.5-20.5s-4.4-16.1-11.5-20.5l-144-88c-7.4-4.5-16.7-4.7-24.3-.5z\\"></path></svg></div><div class=\\"next\\" title=\\"Next\\" role=\\"button\\" tabindex=\\"0\\"><svg aria-hidden=\\"true\\" focusable=\\"false\\" data-prefix=\\"fas\\" data-icon=\\"forward-fast\\" class=\\"svg-inline--fa fa-forward-fast \\" role=\\"img\\" xmlns=\\"http://www.w3.org/2000/svg\\" viewBox=\\"0 0 512 512\\"><path fill=\\"currentColor\\" d=\\"M18.4 445c11.2 5.3 24.5 3.6 34.1-4.4L224 297.7V416c0 12.4 7.2 23.7 18.4 29s24.5 3.6 34.1-4.4L448 297.7V416c0 17.7 14.3 32 32 32s32-14.3 32-32V96c0-17.7-14.3-32-32-32s-32 14.3-32 32V214.3L276.5 71.4c-9.5-7.9-22.8-9.7-34.1-4.4S224 83.6 224 96V214.3L52.5 71.4c-9.5-7.9-22.8-9.7-34.1-4.4S0 83.6 0 96V416c0 12.4 7.2 23.7 18.4 29z\\"></path></svg></div></div><div class=\\"actions\\"><svg aria-labelledby=\\"svg-inline--fa-title-000000000000\\" data-prefix=\\"fas\\" data-icon=\\"heart\\" class=\\"svg-inline--fa fa-heart  disabled\\" role=\\"img\\" xmlns=\\"http://www.w3.org/2000/svg\\" viewBox=\\"0 0 512 512\\"><title id=\\"svg-inline--fa-title-000000000000\\">Love</title><path fill=\\"currentColor\\" d=\\"M47.6 300.4L228.3 469.1c7.5 7 17.4 10.9 27.7 10.9s20.2-3.9 27.7-10.9L464.4 300.4c30.4-28.3 47.6-68 47.6-109.5v-5.8c0-69.9-50.5-129.5-119.4-141C347 36.5 300.6 51.4 268 84L256 96 244 84c-32.6-32.6-79-47.5-124.6-39.9C50.5 55.6 0 115.2 0 185.1v5.8c0 41.5 17.2 81.2 47.6 109.5z\\"></path></svg><svg aria-labelledby=\\"svg-inline--fa-title-000000000000\\" data-prefix=\\"fas\\" data-icon=\\"heart-crack\\" class=\\"svg-inline--fa fa-heart-crack  disabled\\" role=\\"img\\" xmlns=\\"http://www.w3.org/2000/svg\\" viewBox=\\"0 0 512 512\\"><title id=\\"svg-inline--fa-title-000000000000\\">Hate</title><path fill=\\"currentColor\\" d=\\"M119.4 44.1c23.3-3.9 46.8-1.9 68.6 5.3l49.8 77.5-75.4 75.4c-1.5 1.5-2.4 3.6-2.3 5.8s1 4.2 2.6 5.7l112 104c2.9 2.7 7.4 2.9 10.5 .3s3.8-7 1.7-10.4l-60.4-98.1 90.7-75.6c2.6-2.1 3.5-5.7 2.4-8.8L296.8 61.8c28.5-16.7 62.4-23.2 95.7-17.6C461.5 55.6 512 115.2 512 185.1v5.8c0 41.5-17.2 81.2-47.6 109.5L283.7 469.1c-7.5 7-17.4 10.9-27.7 10.9s-20.2-3.9-27.7-10.9L47.6 300.4C17.2 272.1 0 232.4 0 190.9v-5.8c0-69.9 50.5-129.5 119.4-141z\\"></path></svg><div aria-label=\\"Actions menu\\" aria-haspopup=\\"menu\\" aria-expanded=\\"false\\" role=\\"button\\" tabindex=\\"0\\"><svg aria-labelledby=\\"svg-inline--fa-title-000000000000\\" data-prefix=\\"fas\\" data-icon=\\"ellipsis-vertical\\" class=\\"svg-inline--fa fa-ellipsis-vertical \\" role=\\"img\\" xmlns=\\"http://www.w3.org/2000/svg\\" viewBox=\\"0 0 128 512\\" aria-hidden=\\"true\\"><title id=\\"svg-inline--fa-title-000000000000\\">More actions</title><path fill=\\"currentColor\\" d=\\"M64 360a56 56 0 1 0 0 112 56 56 0 1 0 0-112zm0-160a56 56 0 1 0 0 112 56 56 0 1 0 0-112zM120 96A56 56 0 1 0 8 96a56 56 0 1 0 112 0z\\"></path></svg></div></div></div></div></div></div>"`;
